GAMS 25.1.1  r66732 Released May 19, 2018 DEX-DEG x86 64bit/Mac OS X - 07/17/18 09:25:03 Page 1
G e n e r a l   A l g e b r a i c   M o d e l i n g   S y s t e m
C o m p i l a t i o n


      following is the model from HP Williams book.
      Focus is oil blennding, production, selling strategy. Model title is Food Manufacture 1
   5   
   6  sets
   7      Oil 'oils' /veg1,veg2,oil1*oil3/
   8      veg(oil) /veg1,veg2/
   9      nonveg(oil)/oil1*oil3/
  10      month 'mons in planning' / Jan,Feb, Mar, Apr,May, June/
  11      ;
  12   
  13  table price(month,oil) 'cost price of veg oil in the future'
  14        veg1      veg2    oil1    oil2    oil3
  15  jan     110     120     130     110     115
  16  feb     130     130     110     90      115
  17  mar     110     140     130     100     95
  18  apr     120     110     120     120     125
  19  may     100     120     150     110     105
  20  june    90      100     140     80      135
  21  ;
  22   
  23  parameters
  24      hardness(Oil) 'hardness of veg oils'
  25      / veg1    8.8
  26      veg2    6.1
  27      oil1    2.0
  28      oil2    4.2
  29      oil3    5.0/
  30   
  31      storecost 'storage cost $/tonn' /5.0/
  32      RefineLimVeg /200/
  33      RefineLimNVeg /250/
  34      sellprice ' selling price of product ' /150/
  35      ;
  36   
  37  positive variables
  38      RMpur(oil,month) ' amount of oil purchased each month'
  39      RMused(oil,month) ' amount of oil used each month'
  40      RMstock(oil,month) 'amount of oil in stock at the begining of each month'
  41      product(month) 'amount of final product each month'
  42      ;
  43  variable
  44      profit 'profit overall'
  45      ;
  46   
  47  integer variable
  48      D(oil,month)
  49      ;
  50   
  51  *fixing stocks
  52  RMstock.fx(oil,'Jan') = 500;
  53  RMstock.up(oil,month) = 1000;
  54   
  55  D.up(oil,month) = 1 ;
  56  D.l(oil,month) =1;
  57   
  58  equations
  59      stockcalc(oil,month) 'stock calculation'
  60      matbalance(month) 'material balance each month'
  61      hardnessup(month) ' hardness less than 6'
  62      hardnesslow(month) ' hardness more than 3'
  63      indirefiningLimVeg(oil,month) 'refining limit of each month for veg oil'
  64      indirefiningLimNVeg(oil,month) 'refining limit of each month for nonveg oil'
  65      refiningLimVeg(month) 'refining limit of each month for veg oil'
  66      refiningLimNVeg(month) 'refining limit of each month for nonveg oil'
  67   
  68      profitcalc 'profit equation'
  69      threeoil(month) 'limit of three oils each month'
  70      combo1(month) 'select oil 3 if veg 1 is used'
  71      combo2(month)  'select oil 3 if veg 2 is used'
  72  *    combo3(month) 'select oil3 if veg1 or veg2'
  73      minuse(oil,month)
  74      ;
  75   
  76  stockcalc(oil,month).. RMstock(oil,month++1) =e= RMstock(oil,month) + RMpur(oil,month) - RMused(oil,month) ;
  77   
  78  matbalance(month).. product(month) =e= sum(oil, RMused(oil,month));
  79   
  80  hardnessup(month).. sum(oil,RMused(oil,month)*hardness(oil)) - 6*product(month) =l=0 ;
  81   
  82  hardnesslow(month).. sum(oil,RMused(oil,month)*hardness(oil)) - 3*product(month) =g=0 ;
  83   
  84  indirefiningLimVeg(oil,month)$veg(oil).. RMused(oil,month) =l= RefineLimVeg*D(oil,month) ;
  85   
  86  indirefiningLimNVeg(oil,month)$nonveg(oil).. RMused(oil,month) =l= D(oil,month)* RefineLimNVeg ;
  87   
  88  refiningLimVeg(month).. sum(oil$veg(oil), RMused(oil,month)) =l= RefineLimVeg ;
  89   
  90  refiningLimNVeg(month).. sum(oil$nonveg(oil), RMused(oil,month)) =l= RefineLimNVeg ;
  91   
  92  profitcalc.. profit =e= sum(month,product(month)*sellprice) - sum((oil,month), RMpur(oil,month)*price(month,oil)) - sum((oil,month),RMstock(oil,month)*storecost);
  93   
  94   
  95  threeoil(month).. sum(oil,D(oil,month)) =l= 3;
  96   
  97  combo1(month).. D('veg1',month) - D('oil3',month) =l= 0;
  98   
  99  combo2(month).. D('veg2',month) - D('oil3',month) =l= 0;
 100   
 101  *combo3(month).. D('veg1',month) + D('veg2',month) -2* D('oil3',month) =l= 0;
 102   
 103  minuse(oil,month).. RMused(oil,month) - 20*D(oil,month) =g= 0;
 104   
 105   
 106  model food1 /all/;
 107  option MIP=BARON;
 108  option limrow=100
 109  solve food1 using MIP maximizing profit;
 110   
 111   
 112   


COMPILATION TIME     =        0.001 SECONDS      3 MB  25.1.1 r66732 DEX-DEG
GAMS 25.1.1  r66732 Released May 19, 2018 DEX-DEG x86 64bit/Mac OS X - 07/17/18 09:25:03 Page 2
G e n e r a l   A l g e b r a i c   M o d e l i n g   S y s t e m
Equation Listing    SOLVE food1 Using MIP From line 109


---- stockcalc  =E=  stock calculation

stockcalc(veg1,Jan)..  - RMpur(veg1,Jan) + RMused(veg1,Jan) - RMstock(veg1,Jan) + RMstock(veg1,Feb) =E= 0 ; (LHS = -500, INFES = 500 ****)
     
stockcalc(veg1,Feb)..  - RMpur(veg1,Feb) + RMused(veg1,Feb) - RMstock(veg1,Feb) + RMstock(veg1,Mar) =E= 0 ; (LHS = 0)
     
stockcalc(veg1,Mar)..  - RMpur(veg1,Mar) + RMused(veg1,Mar) - RMstock(veg1,Mar) + RMstock(veg1,Apr) =E= 0 ; (LHS = 0)
     
stockcalc(veg1,Apr)..  - RMpur(veg1,Apr) + RMused(veg1,Apr) - RMstock(veg1,Apr) + RMstock(veg1,May) =E= 0 ; (LHS = 0)
     
stockcalc(veg1,May)..  - RMpur(veg1,May) + RMused(veg1,May) - RMstock(veg1,May) + RMstock(veg1,June) =E= 0 ; (LHS = 0)
     
stockcalc(veg1,June)..  - RMpur(veg1,June) + RMused(veg1,June) + RMstock(veg1,Jan) - RMstock(veg1,June) =E= 0 ; (LHS = 500, INFES = 500 ****)
     
stockcalc(veg2,Jan)..  - RMpur(veg2,Jan) + RMused(veg2,Jan) - RMstock(veg2,Jan) + RMstock(veg2,Feb) =E= 0 ; (LHS = -500, INFES = 500 ****)
     
stockcalc(veg2,Feb)..  - RMpur(veg2,Feb) + RMused(veg2,Feb) - RMstock(veg2,Feb) + RMstock(veg2,Mar) =E= 0 ; (LHS = 0)
     
stockcalc(veg2,Mar)..  - RMpur(veg2,Mar) + RMused(veg2,Mar) - RMstock(veg2,Mar) + RMstock(veg2,Apr) =E= 0 ; (LHS = 0)
     
stockcalc(veg2,Apr)..  - RMpur(veg2,Apr) + RMused(veg2,Apr) - RMstock(veg2,Apr) + RMstock(veg2,May) =E= 0 ; (LHS = 0)
     
stockcalc(veg2,May)..  - RMpur(veg2,May) + RMused(veg2,May) - RMstock(veg2,May) + RMstock(veg2,June) =E= 0 ; (LHS = 0)
     
stockcalc(veg2,June)..  - RMpur(veg2,June) + RMused(veg2,June) + RMstock(veg2,Jan) - RMstock(veg2,June) =E= 0 ; (LHS = 500, INFES = 500 ****)
     
stockcalc(oil1,Jan)..  - RMpur(oil1,Jan) + RMused(oil1,Jan) - RMstock(oil1,Jan) + RMstock(oil1,Feb) =E= 0 ; (LHS = -500, INFES = 500 ****)
     
stockcalc(oil1,Feb)..  - RMpur(oil1,Feb) + RMused(oil1,Feb) - RMstock(oil1,Feb) + RMstock(oil1,Mar) =E= 0 ; (LHS = 0)
     
stockcalc(oil1,Mar)..  - RMpur(oil1,Mar) + RMused(oil1,Mar) - RMstock(oil1,Mar) + RMstock(oil1,Apr) =E= 0 ; (LHS = 0)
     
stockcalc(oil1,Apr)..  - RMpur(oil1,Apr) + RMused(oil1,Apr) - RMstock(oil1,Apr) + RMstock(oil1,May) =E= 0 ; (LHS = 0)
     
stockcalc(oil1,May)..  - RMpur(oil1,May) + RMused(oil1,May) - RMstock(oil1,May) + RMstock(oil1,June) =E= 0 ; (LHS = 0)
     
stockcalc(oil1,June)..  - RMpur(oil1,June) + RMused(oil1,June) + RMstock(oil1,Jan) - RMstock(oil1,June) =E= 0 ; (LHS = 500, INFES = 500 ****)
     
stockcalc(oil2,Jan)..  - RMpur(oil2,Jan) + RMused(oil2,Jan) - RMstock(oil2,Jan) + RMstock(oil2,Feb) =E= 0 ; (LHS = -500, INFES = 500 ****)
     
stockcalc(oil2,Feb)..  - RMpur(oil2,Feb) + RMused(oil2,Feb) - RMstock(oil2,Feb) + RMstock(oil2,Mar) =E= 0 ; (LHS = 0)
     
stockcalc(oil2,Mar)..  - RMpur(oil2,Mar) + RMused(oil2,Mar) - RMstock(oil2,Mar) + RMstock(oil2,Apr) =E= 0 ; (LHS = 0)
     
stockcalc(oil2,Apr)..  - RMpur(oil2,Apr) + RMused(oil2,Apr) - RMstock(oil2,Apr) + RMstock(oil2,May) =E= 0 ; (LHS = 0)
     
stockcalc(oil2,May)..  - RMpur(oil2,May) + RMused(oil2,May) - RMstock(oil2,May) + RMstock(oil2,June) =E= 0 ; (LHS = 0)
     
stockcalc(oil2,June)..  - RMpur(oil2,June) + RMused(oil2,June) + RMstock(oil2,Jan) - RMstock(oil2,June) =E= 0 ; (LHS = 500, INFES = 500 ****)
     
stockcalc(oil3,Jan)..  - RMpur(oil3,Jan) + RMused(oil3,Jan) - RMstock(oil3,Jan) + RMstock(oil3,Feb) =E= 0 ; (LHS = -500, INFES = 500 ****)
     
stockcalc(oil3,Feb)..  - RMpur(oil3,Feb) + RMused(oil3,Feb) - RMstock(oil3,Feb) + RMstock(oil3,Mar) =E= 0 ; (LHS = 0)
     
stockcalc(oil3,Mar)..  - RMpur(oil3,Mar) + RMused(oil3,Mar) - RMstock(oil3,Mar) + RMstock(oil3,Apr) =E= 0 ; (LHS = 0)
     
stockcalc(oil3,Apr)..  - RMpur(oil3,Apr) + RMused(oil3,Apr) - RMstock(oil3,Apr) + RMstock(oil3,May) =E= 0 ; (LHS = 0)
     
stockcalc(oil3,May)..  - RMpur(oil3,May) + RMused(oil3,May) - RMstock(oil3,May) + RMstock(oil3,June) =E= 0 ; (LHS = 0)
     
stockcalc(oil3,June)..  - RMpur(oil3,June) + RMused(oil3,June) + RMstock(oil3,Jan) - RMstock(oil3,June) =E= 0 ; (LHS = 500, INFES = 500 ****)
     

---- matbalance  =E=  material balance each month

matbalance(Jan)..  - RMused(veg1,Jan) - RMused(veg2,Jan) - RMused(oil1,Jan) - RMused(oil2,Jan) - RMused(oil3,Jan) + product(Jan) =E= 0 ; (LHS = 0)
     
matbalance(Feb)..  - RMused(veg1,Feb) - RMused(veg2,Feb) - RMused(oil1,Feb) - RMused(oil2,Feb) - RMused(oil3,Feb) + product(Feb) =E= 0 ; (LHS = 0)
     
matbalance(Mar)..  - RMused(veg1,Mar) - RMused(veg2,Mar) - RMused(oil1,Mar) - RMused(oil2,Mar) - RMused(oil3,Mar) + product(Mar) =E= 0 ; (LHS = 0)
     
matbalance(Apr)..  - RMused(veg1,Apr) - RMused(veg2,Apr) - RMused(oil1,Apr) - RMused(oil2,Apr) - RMused(oil3,Apr) + product(Apr) =E= 0 ; (LHS = 0)
     
matbalance(May)..  - RMused(veg1,May) - RMused(veg2,May) - RMused(oil1,May) - RMused(oil2,May) - RMused(oil3,May) + product(May) =E= 0 ; (LHS = 0)
     
matbalance(June)..  - RMused(veg1,June) - RMused(veg2,June) - RMused(oil1,June) - RMused(oil2,June) - RMused(oil3,June) + product(June) =E= 0 ; (LHS = 0)
     

---- hardnessup  =L=   hardness less than 6

hardnessup(Jan)..  8.8*RMused(veg1,Jan) + 6.1*RMused(veg2,Jan) + 2*RMused(oil1,Jan) + 4.2*RMused(oil2,Jan) + 5*RMused(oil3,Jan) - 6*product(Jan) =L= 0 ; (LHS = 0)
     
hardnessup(Feb)..  8.8*RMused(veg1,Feb) + 6.1*RMused(veg2,Feb) + 2*RMused(oil1,Feb) + 4.2*RMused(oil2,Feb) + 5*RMused(oil3,Feb) - 6*product(Feb) =L= 0 ; (LHS = 0)
     
hardnessup(Mar)..  8.8*RMused(veg1,Mar) + 6.1*RMused(veg2,Mar) + 2*RMused(oil1,Mar) + 4.2*RMused(oil2,Mar) + 5*RMused(oil3,Mar) - 6*product(Mar) =L= 0 ; (LHS = 0)
     
hardnessup(Apr)..  8.8*RMused(veg1,Apr) + 6.1*RMused(veg2,Apr) + 2*RMused(oil1,Apr) + 4.2*RMused(oil2,Apr) + 5*RMused(oil3,Apr) - 6*product(Apr) =L= 0 ; (LHS = 0)
     
hardnessup(May)..  8.8*RMused(veg1,May) + 6.1*RMused(veg2,May) + 2*RMused(oil1,May) + 4.2*RMused(oil2,May) + 5*RMused(oil3,May) - 6*product(May) =L= 0 ; (LHS = 0)
     
hardnessup(June)..  8.8*RMused(veg1,June) + 6.1*RMused(veg2,June) + 2*RMused(oil1,June) + 4.2*RMused(oil2,June) + 5*RMused(oil3,June) - 6*product(June) =L= 0 ; (LHS = 0)
     

---- hardnesslow  =G=   hardness more than 3

hardnesslow(Jan)..  8.8*RMused(veg1,Jan) + 6.1*RMused(veg2,Jan) + 2*RMused(oil1,Jan) + 4.2*RMused(oil2,Jan) + 5*RMused(oil3,Jan) - 3*product(Jan) =G= 0 ; (LHS = 0)
     
hardnesslow(Feb)..  8.8*RMused(veg1,Feb) + 6.1*RMused(veg2,Feb) + 2*RMused(oil1,Feb) + 4.2*RMused(oil2,Feb) + 5*RMused(oil3,Feb) - 3*product(Feb) =G= 0 ; (LHS = 0)
     
hardnesslow(Mar)..  8.8*RMused(veg1,Mar) + 6.1*RMused(veg2,Mar) + 2*RMused(oil1,Mar) + 4.2*RMused(oil2,Mar) + 5*RMused(oil3,Mar) - 3*product(Mar) =G= 0 ; (LHS = 0)
     
hardnesslow(Apr)..  8.8*RMused(veg1,Apr) + 6.1*RMused(veg2,Apr) + 2*RMused(oil1,Apr) + 4.2*RMused(oil2,Apr) + 5*RMused(oil3,Apr) - 3*product(Apr) =G= 0 ; (LHS = 0)
     
hardnesslow(May)..  8.8*RMused(veg1,May) + 6.1*RMused(veg2,May) + 2*RMused(oil1,May) + 4.2*RMused(oil2,May) + 5*RMused(oil3,May) - 3*product(May) =G= 0 ; (LHS = 0)
     
hardnesslow(June)..  8.8*RMused(veg1,June) + 6.1*RMused(veg2,June) + 2*RMused(oil1,June) + 4.2*RMused(oil2,June) + 5*RMused(oil3,June) - 3*product(June) =G= 0 ; (LHS = 0)
     

---- indirefiningLimVeg  =L=  refining limit of each month for veg oil

indirefiningLimVeg(veg1,Jan)..  RMused(veg1,Jan) - 200*D(veg1,Jan) =L= 0 ; (LHS = -200)
     
indirefiningLimVeg(veg1,Feb)..  RMused(veg1,Feb) - 200*D(veg1,Feb) =L= 0 ; (LHS = -200)
     
indirefiningLimVeg(veg1,Mar)..  RMused(veg1,Mar) - 200*D(veg1,Mar) =L= 0 ; (LHS = -200)
     
indirefiningLimVeg(veg1,Apr)..  RMused(veg1,Apr) - 200*D(veg1,Apr) =L= 0 ; (LHS = -200)
     
indirefiningLimVeg(veg1,May)..  RMused(veg1,May) - 200*D(veg1,May) =L= 0 ; (LHS = -200)
     
indirefiningLimVeg(veg1,June)..  RMused(veg1,June) - 200*D(veg1,June) =L= 0 ; (LHS = -200)
     
indirefiningLimVeg(veg2,Jan)..  RMused(veg2,Jan) - 200*D(veg2,Jan) =L= 0 ; (LHS = -200)
     
indirefiningLimVeg(veg2,Feb)..  RMused(veg2,Feb) - 200*D(veg2,Feb) =L= 0 ; (LHS = -200)
     
indirefiningLimVeg(veg2,Mar)..  RMused(veg2,Mar) - 200*D(veg2,Mar) =L= 0 ; (LHS = -200)
     
indirefiningLimVeg(veg2,Apr)..  RMused(veg2,Apr) - 200*D(veg2,Apr) =L= 0 ; (LHS = -200)
     
indirefiningLimVeg(veg2,May)..  RMused(veg2,May) - 200*D(veg2,May) =L= 0 ; (LHS = -200)
     
indirefiningLimVeg(veg2,June)..  RMused(veg2,June) - 200*D(veg2,June) =L= 0 ; (LHS = -200)
     

---- indirefiningLimNVeg  =L=  refining limit of each month for nonveg oil

indirefiningLimNVeg(oil1,Jan)..  RMused(oil1,Jan) - 250*D(oil1,Jan) =L= 0 ; (LHS = -250)
     
indirefiningLimNVeg(oil1,Feb)..  RMused(oil1,Feb) - 250*D(oil1,Feb) =L= 0 ; (LHS = -250)
     
indirefiningLimNVeg(oil1,Mar)..  RMused(oil1,Mar) - 250*D(oil1,Mar) =L= 0 ; (LHS = -250)
     
indirefiningLimNVeg(oil1,Apr)..  RMused(oil1,Apr) - 250*D(oil1,Apr) =L= 0 ; (LHS = -250)
     
indirefiningLimNVeg(oil1,May)..  RMused(oil1,May) - 250*D(oil1,May) =L= 0 ; (LHS = -250)
     
indirefiningLimNVeg(oil1,June)..  RMused(oil1,June) - 250*D(oil1,June) =L= 0 ; (LHS = -250)
     
indirefiningLimNVeg(oil2,Jan)..  RMused(oil2,Jan) - 250*D(oil2,Jan) =L= 0 ; (LHS = -250)
     
indirefiningLimNVeg(oil2,Feb)..  RMused(oil2,Feb) - 250*D(oil2,Feb) =L= 0 ; (LHS = -250)
     
indirefiningLimNVeg(oil2,Mar)..  RMused(oil2,Mar) - 250*D(oil2,Mar) =L= 0 ; (LHS = -250)
     
indirefiningLimNVeg(oil2,Apr)..  RMused(oil2,Apr) - 250*D(oil2,Apr) =L= 0 ; (LHS = -250)
     
indirefiningLimNVeg(oil2,May)..  RMused(oil2,May) - 250*D(oil2,May) =L= 0 ; (LHS = -250)
     
indirefiningLimNVeg(oil2,June)..  RMused(oil2,June) - 250*D(oil2,June) =L= 0 ; (LHS = -250)
     
indirefiningLimNVeg(oil3,Jan)..  RMused(oil3,Jan) - 250*D(oil3,Jan) =L= 0 ; (LHS = -250)
     
indirefiningLimNVeg(oil3,Feb)..  RMused(oil3,Feb) - 250*D(oil3,Feb) =L= 0 ; (LHS = -250)
     
indirefiningLimNVeg(oil3,Mar)..  RMused(oil3,Mar) - 250*D(oil3,Mar) =L= 0 ; (LHS = -250)
     
indirefiningLimNVeg(oil3,Apr)..  RMused(oil3,Apr) - 250*D(oil3,Apr) =L= 0 ; (LHS = -250)
     
indirefiningLimNVeg(oil3,May)..  RMused(oil3,May) - 250*D(oil3,May) =L= 0 ; (LHS = -250)
     
indirefiningLimNVeg(oil3,June)..  RMused(oil3,June) - 250*D(oil3,June) =L= 0 ; (LHS = -250)
     

---- refiningLimVeg  =L=  refining limit of each month for veg oil

refiningLimVeg(Jan)..  RMused(veg1,Jan) + RMused(veg2,Jan) =L= 200 ; (LHS = 0)
     
refiningLimVeg(Feb)..  RMused(veg1,Feb) + RMused(veg2,Feb) =L= 200 ; (LHS = 0)
     
refiningLimVeg(Mar)..  RMused(veg1,Mar) + RMused(veg2,Mar) =L= 200 ; (LHS = 0)
     
refiningLimVeg(Apr)..  RMused(veg1,Apr) + RMused(veg2,Apr) =L= 200 ; (LHS = 0)
     
refiningLimVeg(May)..  RMused(veg1,May) + RMused(veg2,May) =L= 200 ; (LHS = 0)
     
refiningLimVeg(June)..  RMused(veg1,June) + RMused(veg2,June) =L= 200 ; (LHS = 0)
     

---- refiningLimNVeg  =L=  refining limit of each month for nonveg oil

refiningLimNVeg(Jan)..  RMused(oil1,Jan) + RMused(oil2,Jan) + RMused(oil3,Jan) =L= 250 ; (LHS = 0)
     
refiningLimNVeg(Feb)..  RMused(oil1,Feb) + RMused(oil2,Feb) + RMused(oil3,Feb) =L= 250 ; (LHS = 0)
     
refiningLimNVeg(Mar)..  RMused(oil1,Mar) + RMused(oil2,Mar) + RMused(oil3,Mar) =L= 250 ; (LHS = 0)
     
refiningLimNVeg(Apr)..  RMused(oil1,Apr) + RMused(oil2,Apr) + RMused(oil3,Apr) =L= 250 ; (LHS = 0)
     
refiningLimNVeg(May)..  RMused(oil1,May) + RMused(oil2,May) + RMused(oil3,May) =L= 250 ; (LHS = 0)
     
refiningLimNVeg(June)..  RMused(oil1,June) + RMused(oil2,June) + RMused(oil3,June) =L= 250 ; (LHS = 0)
     

---- profitcalc  =E=  profit equation

profitcalc..  110*RMpur(veg1,Jan) + 130*RMpur(veg1,Feb) + 110*RMpur(veg1,Mar) + 120*RMpur(veg1,Apr) + 100*RMpur(veg1,May) + 90*RMpur(veg1,June) + 120*RMpur(veg2,Jan) + 130*RMpur(veg2,Feb) + 140*RMpur(veg2,Mar) + 110*RMpur(veg2,Apr) + 120*RMpur(veg2,May)
     
      + 100*RMpur(veg2,June) + 130*RMpur(oil1,Jan) + 110*RMpur(oil1,Feb) + 130*RMpur(oil1,Mar) + 120*RMpur(oil1,Apr) + 150*RMpur(oil1,May) + 140*RMpur(oil1,June) + 110*RMpur(oil2,Jan) + 90*RMpur(oil2,Feb) + 100*RMpur(oil2,Mar) + 120*RMpur(oil2,Apr)
     
      + 110*RMpur(oil2,May) + 80*RMpur(oil2,June) + 115*RMpur(oil3,Jan) + 115*RMpur(oil3,Feb) + 95*RMpur(oil3,Mar) + 125*RMpur(oil3,Apr) + 105*RMpur(oil3,May) + 135*RMpur(oil3,June) + 5*RMstock(veg1,Jan) + 5*RMstock(veg1,Feb) + 5*RMstock(veg1,Mar)
     
      + 5*RMstock(veg1,Apr) + 5*RMstock(veg1,May) + 5*RMstock(veg1,June) + 5*RMstock(veg2,Jan) + 5*RMstock(veg2,Feb) + 5*RMstock(veg2,Mar) + 5*RMstock(veg2,Apr) + 5*RMstock(veg2,May) + 5*RMstock(veg2,June) + 5*RMstock(oil1,Jan) + 5*RMstock(oil1,Feb)
     
      + 5*RMstock(oil1,Mar) + 5*RMstock(oil1,Apr) + 5*RMstock(oil1,May) + 5*RMstock(oil1,June) + 5*RMstock(oil2,Jan) + 5*RMstock(oil2,Feb) + 5*RMstock(oil2,Mar) + 5*RMstock(oil2,Apr) + 5*RMstock(oil2,May) + 5*RMstock(oil2,June) + 5*RMstock(oil3,Jan)
     
      + 5*RMstock(oil3,Feb) + 5*RMstock(oil3,Mar) + 5*RMstock(oil3,Apr) + 5*RMstock(oil3,May) + 5*RMstock(oil3,June) - 150*product(Jan) - 150*product(Feb) - 150*product(Mar) - 150*product(Apr) - 150*product(May) - 150*product(June) + profit =E= 0 ;
     
      (LHS = 12500, INFES = 12500 ****)
     

---- threeoil  =L=  limit of three oils each month

threeoil(Jan)..  D(veg1,Jan) + D(veg2,Jan) + D(oil1,Jan) + D(oil2,Jan) + D(oil3,Jan) =L= 3 ; (LHS = 5, INFES = 2 ****)
     
threeoil(Feb)..  D(veg1,Feb) + D(veg2,Feb) + D(oil1,Feb) + D(oil2,Feb) + D(oil3,Feb) =L= 3 ; (LHS = 5, INFES = 2 ****)
     
threeoil(Mar)..  D(veg1,Mar) + D(veg2,Mar) + D(oil1,Mar) + D(oil2,Mar) + D(oil3,Mar) =L= 3 ; (LHS = 5, INFES = 2 ****)
     
threeoil(Apr)..  D(veg1,Apr) + D(veg2,Apr) + D(oil1,Apr) + D(oil2,Apr) + D(oil3,Apr) =L= 3 ; (LHS = 5, INFES = 2 ****)
     
threeoil(May)..  D(veg1,May) + D(veg2,May) + D(oil1,May) + D(oil2,May) + D(oil3,May) =L= 3 ; (LHS = 5, INFES = 2 ****)
     
threeoil(June)..  D(veg1,June) + D(veg2,June) + D(oil1,June) + D(oil2,June) + D(oil3,June) =L= 3 ; (LHS = 5, INFES = 2 ****)
     

---- combo1  =L=  select oil 3 if veg 1 is used

combo1(Jan)..  D(veg1,Jan) - D(oil3,Jan) =L= 0 ; (LHS = 0)
     
combo1(Feb)..  D(veg1,Feb) - D(oil3,Feb) =L= 0 ; (LHS = 0)
     
combo1(Mar)..  D(veg1,Mar) - D(oil3,Mar) =L= 0 ; (LHS = 0)
     
combo1(Apr)..  D(veg1,Apr) - D(oil3,Apr) =L= 0 ; (LHS = 0)
     
combo1(May)..  D(veg1,May) - D(oil3,May) =L= 0 ; (LHS = 0)
     
combo1(June)..  D(veg1,June) - D(oil3,June) =L= 0 ; (LHS = 0)
     

---- combo2  =L=  select oil 3 if veg 2 is used

combo2(Jan)..  D(veg2,Jan) - D(oil3,Jan) =L= 0 ; (LHS = 0)
     
combo2(Feb)..  D(veg2,Feb) - D(oil3,Feb) =L= 0 ; (LHS = 0)
     
combo2(Mar)..  D(veg2,Mar) - D(oil3,Mar) =L= 0 ; (LHS = 0)
     
combo2(Apr)..  D(veg2,Apr) - D(oil3,Apr) =L= 0 ; (LHS = 0)
     
combo2(May)..  D(veg2,May) - D(oil3,May) =L= 0 ; (LHS = 0)
     
combo2(June)..  D(veg2,June) - D(oil3,June) =L= 0 ; (LHS = 0)
     

---- minuse  =G=  

minuse(veg1,Jan)..  RMused(veg1,Jan) - 20*D(veg1,Jan) =G= 0 ; (LHS = -20, INFES = 20 ****)
     
minuse(veg1,Feb)..  RMused(veg1,Feb) - 20*D(veg1,Feb) =G= 0 ; (LHS = -20, INFES = 20 ****)
     
minuse(veg1,Mar)..  RMused(veg1,Mar) - 20*D(veg1,Mar) =G= 0 ; (LHS = -20, INFES = 20 ****)
     
minuse(veg1,Apr)..  RMused(veg1,Apr) - 20*D(veg1,Apr) =G= 0 ; (LHS = -20, INFES = 20 ****)
     
minuse(veg1,May)..  RMused(veg1,May) - 20*D(veg1,May) =G= 0 ; (LHS = -20, INFES = 20 ****)
     
minuse(veg1,June)..  RMused(veg1,June) - 20*D(veg1,June) =G= 0 ; (LHS = -20, INFES = 20 ****)
     
minuse(veg2,Jan)..  RMused(veg2,Jan) - 20*D(veg2,Jan) =G= 0 ; (LHS = -20, INFES = 20 ****)
     
minuse(veg2,Feb)..  RMused(veg2,Feb) - 20*D(veg2,Feb) =G= 0 ; (LHS = -20, INFES = 20 ****)
     
minuse(veg2,Mar)..  RMused(veg2,Mar) - 20*D(veg2,Mar) =G= 0 ; (LHS = -20, INFES = 20 ****)
     
minuse(veg2,Apr)..  RMused(veg2,Apr) - 20*D(veg2,Apr) =G= 0 ; (LHS = -20, INFES = 20 ****)
     
minuse(veg2,May)..  RMused(veg2,May) - 20*D(veg2,May) =G= 0 ; (LHS = -20, INFES = 20 ****)
     
minuse(veg2,June)..  RMused(veg2,June) - 20*D(veg2,June) =G= 0 ; (LHS = -20, INFES = 20 ****)
     
minuse(oil1,Jan)..  RMused(oil1,Jan) - 20*D(oil1,Jan) =G= 0 ; (LHS = -20, INFES = 20 ****)
     
minuse(oil1,Feb)..  RMused(oil1,Feb) - 20*D(oil1,Feb) =G= 0 ; (LHS = -20, INFES = 20 ****)
     
minuse(oil1,Mar)..  RMused(oil1,Mar) - 20*D(oil1,Mar) =G= 0 ; (LHS = -20, INFES = 20 ****)
     
minuse(oil1,Apr)..  RMused(oil1,Apr) - 20*D(oil1,Apr) =G= 0 ; (LHS = -20, INFES = 20 ****)
     
minuse(oil1,May)..  RMused(oil1,May) - 20*D(oil1,May) =G= 0 ; (LHS = -20, INFES = 20 ****)
     
minuse(oil1,June)..  RMused(oil1,June) - 20*D(oil1,June) =G= 0 ; (LHS = -20, INFES = 20 ****)
     
minuse(oil2,Jan)..  RMused(oil2,Jan) - 20*D(oil2,Jan) =G= 0 ; (LHS = -20, INFES = 20 ****)
     
minuse(oil2,Feb)..  RMused(oil2,Feb) - 20*D(oil2,Feb) =G= 0 ; (LHS = -20, INFES = 20 ****)
     
minuse(oil2,Mar)..  RMused(oil2,Mar) - 20*D(oil2,Mar) =G= 0 ; (LHS = -20, INFES = 20 ****)
     
minuse(oil2,Apr)..  RMused(oil2,Apr) - 20*D(oil2,Apr) =G= 0 ; (LHS = -20, INFES = 20 ****)
     
minuse(oil2,May)..  RMused(oil2,May) - 20*D(oil2,May) =G= 0 ; (LHS = -20, INFES = 20 ****)
     
minuse(oil2,June)..  RMused(oil2,June) - 20*D(oil2,June) =G= 0 ; (LHS = -20, INFES = 20 ****)
     
minuse(oil3,Jan)..  RMused(oil3,Jan) - 20*D(oil3,Jan) =G= 0 ; (LHS = -20, INFES = 20 ****)
     
minuse(oil3,Feb)..  RMused(oil3,Feb) - 20*D(oil3,Feb) =G= 0 ; (LHS = -20, INFES = 20 ****)
     
minuse(oil3,Mar)..  RMused(oil3,Mar) - 20*D(oil3,Mar) =G= 0 ; (LHS = -20, INFES = 20 ****)
     
minuse(oil3,Apr)..  RMused(oil3,Apr) - 20*D(oil3,Apr) =G= 0 ; (LHS = -20, INFES = 20 ****)
     
minuse(oil3,May)..  RMused(oil3,May) - 20*D(oil3,May) =G= 0 ; (LHS = -20, INFES = 20 ****)
     
minuse(oil3,June)..  RMused(oil3,June) - 20*D(oil3,June) =G= 0 ; (LHS = -20, INFES = 20 ****)
     
GAMS 25.1.1  r66732 Released May 19, 2018 DEX-DEG x86 64bit/Mac OS X - 07/17/18 09:25:03 Page 3
G e n e r a l   A l g e b r a i c   M o d e l i n g   S y s t e m
Column Listing      SOLVE food1 Using MIP From line 109


---- RMpur   amount of oil purchased each month

RMpur(veg1,Jan)
                (.LO, .L, .UP, .M = 0, 0, +INF, 0)
       -1       stockcalc(veg1,Jan)
      110       profitcalc

RMpur(veg1,Feb)
                (.LO, .L, .UP, .M = 0, 0, +INF, 0)
       -1       stockcalc(veg1,Feb)
      130       profitcalc

RMpur(veg1,Mar)
                (.LO, .L, .UP, .M = 0, 0, +INF, 0)
       -1       stockcalc(veg1,Mar)
      110       profitcalc

REMAINING 27 ENTRIES SKIPPED

---- RMused   amount of oil used each month

RMused(veg1,Jan)
                (.LO, .L, .UP, .M = 0, 0, +INF, 0)
        1       stockcalc(veg1,Jan)
       -1       matbalance(Jan)
        8.8     hardnessup(Jan)
        8.8     hardnesslow(Jan)
        1       indirefiningLimVeg(veg1,Jan)
        1       refiningLimVeg(Jan)
        1       minuse(veg1,Jan)

RMused(veg1,Feb)
                (.LO, .L, .UP, .M = 0, 0, +INF, 0)
        1       stockcalc(veg1,Feb)
       -1       matbalance(Feb)
        8.8     hardnessup(Feb)
        8.8     hardnesslow(Feb)
        1       indirefiningLimVeg(veg1,Feb)
        1       refiningLimVeg(Feb)
        1       minuse(veg1,Feb)

RMused(veg1,Mar)
                (.LO, .L, .UP, .M = 0, 0, +INF, 0)
        1       stockcalc(veg1,Mar)
       -1       matbalance(Mar)
        8.8     hardnessup(Mar)
        8.8     hardnesslow(Mar)
        1       indirefiningLimVeg(veg1,Mar)
        1       refiningLimVeg(Mar)
        1       minuse(veg1,Mar)

REMAINING 27 ENTRIES SKIPPED

---- RMstock  amount of oil in stock at the begining of each month

RMstock(veg1,Jan)
                (.LO, .L, .UP, .M = 500, 500, 1000, 0)
       -1       stockcalc(veg1,Jan)
        1       stockcalc(veg1,June)
        5       profitcalc

RMstock(veg1,Feb)
                (.LO, .L, .UP, .M = 0, 0, 1000, 0)
        1       stockcalc(veg1,Jan)
       -1       stockcalc(veg1,Feb)
        5       profitcalc

RMstock(veg1,Mar)
                (.LO, .L, .UP, .M = 0, 0, 1000, 0)
        1       stockcalc(veg1,Feb)
       -1       stockcalc(veg1,Mar)
        5       profitcalc

REMAINING 27 ENTRIES SKIPPED

---- product  amount of final product each month

product(Jan)
                (.LO, .L, .UP, .M = 0, 0, +INF, 0)
        1       matbalance(Jan)
       -6       hardnessup(Jan)
       -3       hardnesslow(Jan)
     -150       profitcalc

product(Feb)
                (.LO, .L, .UP, .M = 0, 0, +INF, 0)
        1       matbalance(Feb)
       -6       hardnessup(Feb)
       -3       hardnesslow(Feb)
     -150       profitcalc

product(Mar)
                (.LO, .L, .UP, .M = 0, 0, +INF, 0)
        1       matbalance(Mar)
       -6       hardnessup(Mar)
       -3       hardnesslow(Mar)
     -150       profitcalc

REMAINING 3 ENTRIES SKIPPED

---- profit  profit overall

profit
                (.LO, .L, .UP, .M = -INF, 0, +INF, 0)
        1       profitcalc


---- D  

D(veg1,Jan)
                (.LO, .L, .UP, .M = 0, 1, 1, 0)
     -200       indirefiningLimVeg(veg1,Jan)
        1       threeoil(Jan)
        1       combo1(Jan)
      -20       minuse(veg1,Jan)

D(veg1,Feb)
                (.LO, .L, .UP, .M = 0, 1, 1, 0)
     -200       indirefiningLimVeg(veg1,Feb)
        1       threeoil(Feb)
        1       combo1(Feb)
      -20       minuse(veg1,Feb)

D(veg1,Mar)
                (.LO, .L, .UP, .M = 0, 1, 1, 0)
     -200       indirefiningLimVeg(veg1,Mar)
        1       threeoil(Mar)
        1       combo1(Mar)
      -20       minuse(veg1,Mar)

REMAINING 27 ENTRIES SKIPPED
GAMS 25.1.1  r66732 Released May 19, 2018 DEX-DEG x86 64bit/Mac OS X - 07/17/18 09:25:03 Page 4
G e n e r a l   A l g e b r a i c   M o d e l i n g   S y s t e m
Model Statistics    SOLVE food1 Using MIP From line 109


MODEL STATISTICS

BLOCKS OF EQUATIONS          13     SINGLE EQUATIONS          139
BLOCKS OF VARIABLES           6     SINGLE VARIABLES          127
NON ZERO ELEMENTS           499     DISCRETE VARIABLES         30


GENERATION TIME      =        0.005 SECONDS      4 MB  25.1.1 r66732 DEX-DEG


EXECUTION TIME       =        0.005 SECONDS      4 MB  25.1.1 r66732 DEX-DEG
GAMS 25.1.1  r66732 Released May 19, 2018 DEX-DEG x86 64bit/Mac OS X - 07/17/18 09:25:03 Page 5
G e n e r a l   A l g e b r a i c   M o d e l i n g   S y s t e m
Solution Report     SOLVE food1 Using MIP From line 109


               S O L V E      S U M M A R Y

     MODEL   food1               OBJECTIVE  profit
     TYPE    MIP                 DIRECTION  MAXIMIZE
     SOLVER  BARON               FROM LINE  109

**** SOLVER STATUS     1 Normal Completion         
**** MODEL STATUS      8 Integer Solution          
**** OBJECTIVE VALUE            96875.0000

 RESOURCE USAGE, LIMIT          0.040      1000.000
 ITERATION COUNT, LIMIT         0    2000000000

GAMS/BARON       25.1.1 r66732 Released May 19, 2018 DEG x86 64bit/Mac OS X   

BARON is a product of The Optimization Firm, LLC. http://www.minlp.com/
Parts of the BARON software were created at the
University of Illinois at Urbana-Champaign.


===========================================================================
 BARON version 18.5.8. Built: OSX-64 Tue May 8 16:02:31 EDT 2018 

 BARON is a product of The Optimization Firm, LLC. http://www.minlp.com/

 If you use this software, please cite publications from
 http://www.minlp.com/about-baron, such as: 

 Kilinc, M. and N. V. Sahinidis, Exploiting integrality in the global
 optimization of mixed-integer nonlinear programming problems in BARON,
 Optimization Methods and Software, 33, 540-562, 2018.
===========================================================================
 This BARON run may utilize the following subsolver(s)
 For LP/MIP: ILOG CPLEX                                      
 For NLP: MINOS, SNOPT, GAMS external NLP, IPOPT, FILTERSD, FILTERSQP
===========================================================================

Solution      = 96875  found at node 1
Best possible = 107332.733813
Absolute gap  = 10457.733813  optca = 1E-9
Relative gap  = 0.0974328468258336  optcr = 0.1
  (Note that BARON uses a different formula to compute the relative gap as
   was used for the above reported value.)


---- EQU stockcalc  stock calculation

                 LOWER          LEVEL          UPPER         MARGINAL

veg1.Jan           .              .              .            75.0000      
veg1.Feb           .              .              .            80.0000      
veg1.Mar           .              .              .            85.0000      
veg1.Apr           .              .              .            90.0000      
veg1.May           .              .              .            95.0000      
veg1.June          .              .              .            90.0000      
veg2.Jan           .              .              .            75.0000      
veg2.Feb           .              .              .            80.0000      
veg2.Mar           .              .              .            85.0000      
veg2.Apr           .              .              .            90.0000      
veg2.May           .              .              .            95.0000      
veg2.June          .              .              .           100.0000      
oil1.Jan           .              .              .           105.0000      
oil1.Feb           .              .              .           110.0000      
oil1.Mar           .              .              .           115.0000      
oil1.Apr           .              .              .           120.0000      
oil1.May           .              .              .           125.0000      
oil1.June          .              .              .           130.0000      
oil2.Jan           .              .              .            85.0000      
oil2.Feb           .              .              .            90.0000      
oil2.Mar           .              .              .            95.0000      
oil2.Apr           .              .              .           100.0000      
oil2.May           .              .              .           105.0000      
oil2.June          .              .              .            80.0000      
oil3.Jan           .              .              .            85.0000      
oil3.Feb           .              .              .            90.0000      
oil3.Mar           .              .              .            95.0000      
oil3.Apr           .              .              .           100.0000      
oil3.May           .              .              .           105.0000      
oil3.June          .              .              .           110.0000      

---- EQU matbalance  material balance each month

            LOWER          LEVEL          UPPER         MARGINAL

Jan           .              .              .           150.0000      
Feb           .              .              .           204.5455      
Mar           .              .              .           150.0000      
Apr           .              .              .           150.0000      
May           .              .              .           267.8571      
June          .              .              .           172.2222      

---- EQU hardnessup   hardness less than 6

            LOWER          LEVEL          UPPER         MARGINAL

Jan         -INF         -135.5000          .              .          
Feb         -INF             .              .             9.0909      
Mar         -INF             .              .              .          
Apr         -INF             .              .              .          
May         -INF         -414.0000          .            19.6429      
June        -INF         -414.0000          .             3.7037      

---- EQU hardnesslow   hardness more than 3

            LOWER          LEVEL          UPPER         MARGINAL

Jan           .          1214.5000        +INF             .          
Feb           .          1215.0000        +INF             .          
Mar           .          1215.0000        +INF             .          
Apr           .          1215.0000        +INF             .          
May           .           936.0000        +INF             .          
June          .           936.0000        +INF             .          

---- EQU indirefiningLimVeg  refining limit of each month for veg oil

                 LOWER          LEVEL          UPPER         MARGINAL

veg1.Jan         -INF         -165.0000          .              .          
veg1.Feb         -INF          -45.0000          .             0.7273      
veg1.Mar         -INF          -45.0000          .              .          
veg1.Apr         -INF          -45.0000          .              .          
veg1.May         -INF             .              .              .          
veg1.June        -INF             .              .              .          
veg2.Jan         -INF          -35.0000          .              .          
veg2.Feb         -INF             .              .              .          
veg2.Mar         -INF             .              .              .          
veg2.Apr         -INF             .              .              .          
veg2.May         -INF             .              .              .          
veg2.June        -INF             .              .              .          

---- EQU indirefiningLimNVeg  refining limit of each month for nonveg oil

                 LOWER          LEVEL          UPPER         MARGINAL

oil1.Jan         -INF             .              .              .          
oil1.Feb         -INF             .              .              .          
oil1.Mar         -INF             .              .              .          
oil1.Apr         -INF             .              .              .          
oil1.May         -INF             .              .              .          
oil1.June        -INF             .              .              .          
oil2.Jan         -INF             .              .              .          
oil2.Feb         -INF          -20.0000          .              .          
oil2.Mar         -INF          -20.0000          .              .          
oil2.Apr         -INF          -20.0000          .              .          
oil2.May         -INF          -20.0000          .              .          
oil2.June        -INF          -20.0000          .              .          
oil3.Jan         -INF             .              .              .          
oil3.Feb         -INF         -230.0000          .              .          
oil3.Mar         -INF         -230.0000          .              .          
oil3.Apr         -INF         -230.0000          .              .          
oil3.May         -INF         -230.0000          .              .          
oil3.June        -INF         -230.0000          .              .          

---- EQU refiningLimVeg  refining limit of each month for veg oil

            LOWER          LEVEL          UPPER         MARGINAL

Jan         -INF          200.0000       200.0000        75.0000      
Feb         -INF          155.0000       200.0000          .          
Mar         -INF          155.0000       200.0000        65.0000      
Apr         -INF          155.0000       200.0000        60.0000      
May         -INF          200.0000       200.0000          .          
June        -INF          200.0000       200.0000        49.6296      

---- EQU refiningLimNVeg  refining limit of each month for nonveg oil

            LOWER          LEVEL          UPPER         MARGINAL

Jan         -INF          250.0000       250.0000        65.0000      
Feb         -INF          250.0000       250.0000        76.3636      
Mar         -INF          250.0000       250.0000        55.0000      
Apr         -INF          250.0000       250.0000        50.0000      
May         -INF          250.0000       250.0000        64.6429      
June        -INF          250.0000       250.0000        76.6667      

                           LOWER          LEVEL          UPPER         MARGINAL

---- EQU profitcalc          .              .              .             1.0000      

  profitcalc  profit equation

---- EQU threeoil  limit of three oils each month

            LOWER          LEVEL          UPPER         MARGINAL

Jan         -INF            3.0000         3.0000          .          
Feb         -INF            3.0000         3.0000          .          
Mar         -INF            3.0000         3.0000          .          
Apr         -INF            3.0000         3.0000          .          
May         -INF            3.0000         3.0000          .          
June        -INF            3.0000         3.0000          .          

---- EQU combo1  select oil 3 if veg 1 is used

            LOWER          LEVEL          UPPER         MARGINAL

Jan         -INF             .              .              .          
Feb         -INF             .              .           145.4545      
Mar         -INF             .              .              .          
Apr         -INF             .              .              .          
May         -INF           -1.0000          .              .          
June        -INF           -1.0000          .              .          

---- EQU combo2  select oil 3 if veg 2 is used

            LOWER          LEVEL          UPPER         MARGINAL

Jan         -INF             .              .              .          
Feb         -INF           -1.0000          .              .          
Mar         -INF           -1.0000          .              .          
Apr         -INF           -1.0000          .              .          
May         -INF             .              .              .          
June        -INF             .              .              .          

---- EQU minuse  

                 LOWER          LEVEL          UPPER         MARGINAL

veg1.Jan           .            15.0000        +INF             .          
veg1.Feb           .           135.0000        +INF             .          
veg1.Mar           .           135.0000        +INF             .          
veg1.Apr           .           135.0000        +INF             .          
veg1.May           .              .            +INF             .          
veg1.June          .              .            +INF             .          
veg2.Jan           .           145.0000        +INF             .          
veg2.Feb           .              .            +INF             .          
veg2.Mar           .              .            +INF             .          
veg2.Apr           .              .            +INF             .          
veg2.May           .           180.0000        +INF             .          
veg2.June          .           180.0000        +INF             .          
oil1.Jan           .              .            +INF             .          
oil1.Feb           .              .            +INF             .          
oil1.Mar           .              .            +INF             .          
oil1.Apr           .              .            +INF             .          
oil1.May           .              .            +INF             .          
oil1.June          .              .            +INF             .          
oil2.Jan           .              .            +INF             .          
oil2.Feb           .           210.0000        +INF             .          
oil2.Mar           .           210.0000        +INF             .          
oil2.Apr           .           210.0000        +INF             .          
oil2.May           .           210.0000        +INF             .          
oil2.June          .           210.0000        +INF             .          
oil3.Jan           .           230.0000        +INF             .          
oil3.Feb           .              .            +INF           -7.2727      
oil3.Mar           .              .            +INF             .          
oil3.Apr           .              .            +INF             .          
oil3.May           .              .            +INF             .          
oil3.June          .              .            +INF             .          

---- VAR RMpur   amount of oil purchased each month

                 LOWER          LEVEL          UPPER         MARGINAL

veg1.Jan           .              .            +INF             .          
veg1.Feb           .              .            +INF             .          
veg1.Mar           .              .            +INF             .          
veg1.Apr           .              .            +INF             .          
veg1.May           .              .            +INF             .          
veg1.June          .           500.0000        +INF             .          
veg2.Jan           .              .            +INF             .          
veg2.Feb           .              .            +INF             .          
veg2.Mar           .              .            +INF             .          
veg2.Apr           .              .            +INF             .          
veg2.May           .              .            +INF             .          
veg2.June          .           565.0000        +INF             .          
oil1.Jan           .              .            +INF             .          
oil1.Feb           .              .            +INF             .          
oil1.Mar           .              .            +INF             .          
oil1.Apr           .              .            +INF             .          
oil1.May           .              .            +INF             .          
oil1.June          .              .            +INF             .          
oil2.Jan           .              .            +INF             .          
oil2.Feb           .           420.0000        +INF             .          
oil2.Mar           .              .            +INF             .          
oil2.Apr           .              .            +INF             .          
oil2.May           .              .            +INF             .          
oil2.June          .           730.0000        +INF             .          
oil3.Jan           .              .            +INF             .          
oil3.Feb           .              .            +INF             .          
oil3.Mar           .              .            +INF             .          
oil3.Apr           .              .            +INF             .          
oil3.May           .           350.0000        +INF             .          
oil3.June          .              .            +INF             .          

---- VAR RMused   amount of oil used each month

                 LOWER          LEVEL          UPPER         MARGINAL

veg1.Jan           .            35.0000        +INF             .          
veg1.Feb           .           155.0000        +INF             .          
veg1.Mar           .           155.0000        +INF             .          
veg1.Apr           .           155.0000        +INF             .          
veg1.May           .              .            +INF             .          
veg1.June          .              .            +INF             .          
veg2.Jan           .           165.0000        +INF             .          
veg2.Feb           .              .            +INF             .          
veg2.Mar           .              .            +INF             .          
veg2.Apr           .              .            +INF             .          
veg2.May           .           200.0000        +INF             .          
veg2.June          .           200.0000        +INF             .          
oil1.Jan           .              .            +INF             .          
oil1.Feb           .              .            +INF             .          
oil1.Mar           .              .            +INF             .          
oil1.Apr           .              .            +INF             .          
oil1.May           .              .            +INF             .          
oil1.June          .              .            +INF             .          
oil2.Jan           .              .            +INF             .          
oil2.Feb           .           230.0000        +INF             .          
oil2.Mar           .           230.0000        +INF             .          
oil2.Apr           .           230.0000        +INF             .          
oil2.May           .           230.0000        +INF             .          
oil2.June          .           230.0000        +INF             .          
oil3.Jan           .           250.0000        +INF             .          
oil3.Feb           .            20.0000        +INF             .          
oil3.Mar           .            20.0000        +INF             .          
oil3.Apr           .            20.0000        +INF             .          
oil3.May           .            20.0000        +INF             .          
oil3.June          .            20.0000        +INF             .          

---- VAR RMstock  amount of oil in stock at the begining of each month

                 LOWER          LEVEL          UPPER         MARGINAL

veg1.Jan        500.0000       500.0000      1000.0000          .          
veg1.Feb           .           465.0000      1000.0000          .          
veg1.Mar           .           310.0000      1000.0000          .          
veg1.Apr           .           155.0000      1000.0000          .          
veg1.May           .              .          1000.0000          .          
veg1.June          .              .          1000.0000          .          
veg2.Jan        500.0000       500.0000      1000.0000          .          
veg2.Feb           .           335.0000      1000.0000          .          
veg2.Mar           .           335.0000      1000.0000          .          
veg2.Apr           .           335.0000      1000.0000          .          
veg2.May           .           335.0000      1000.0000          .          
veg2.June          .           135.0000      1000.0000          .          
oil1.Jan        500.0000       500.0000      1000.0000          .          
oil1.Feb           .           500.0000      1000.0000          .          
oil1.Mar           .           500.0000      1000.0000          .          
oil1.Apr           .           500.0000      1000.0000          .          
oil1.May           .           500.0000      1000.0000          .          
oil1.June          .           500.0000      1000.0000          .          
oil2.Jan        500.0000       500.0000      1000.0000          .          
oil2.Feb           .           500.0000      1000.0000          .          
oil2.Mar           .           690.0000      1000.0000          .          
oil2.Apr           .           460.0000      1000.0000          .          
oil2.May           .           230.0000      1000.0000          .          
oil2.June          .              .          1000.0000          .          
oil3.Jan        500.0000       500.0000      1000.0000          .          
oil3.Feb           .           250.0000      1000.0000          .          
oil3.Mar           .           230.0000      1000.0000          .          
oil3.Apr           .           210.0000      1000.0000          .          
oil3.May           .           190.0000      1000.0000          .          
oil3.June          .           520.0000      1000.0000          .          

---- VAR product  amount of final product each month

            LOWER          LEVEL          UPPER         MARGINAL

Jan           .           450.0000        +INF             .          
Feb           .           405.0000        +INF             .          
Mar           .           405.0000        +INF             .          
Apr           .           405.0000        +INF             .          
May           .           450.0000        +INF             .          
June          .           450.0000        +INF             .          

                           LOWER          LEVEL          UPPER         MARGINAL

---- VAR profit            -INF        96875.0000        +INF             .          

  profit  profit overall

---- VAR D  

                 LOWER          LEVEL          UPPER         MARGINAL

veg1.Jan           .             1.0000         1.0000         EPS         
veg1.Feb           .             1.0000         1.0000         EPS         
veg1.Mar           .             1.0000         1.0000         EPS         
veg1.Apr           .             1.0000         1.0000         EPS         
veg1.May           .              .             1.0000         EPS         
veg1.June          .              .             1.0000         EPS         
veg2.Jan           .             1.0000         1.0000         EPS         
veg2.Feb           .              .             1.0000         EPS         
veg2.Mar           .              .             1.0000         EPS         
veg2.Apr           .              .             1.0000         EPS         
veg2.May           .             1.0000         1.0000         EPS         
veg2.June          .             1.0000         1.0000         EPS         
oil1.Jan           .              .             1.0000         EPS         
oil1.Feb           .              .             1.0000         EPS         
oil1.Mar           .              .             1.0000         EPS         
oil1.Apr           .              .             1.0000         EPS         
oil1.May           .              .             1.0000         EPS         
oil1.June          .              .             1.0000         EPS         
oil2.Jan           .              .             1.0000         EPS         
oil2.Feb           .             1.0000         1.0000         EPS         
oil2.Mar           .             1.0000         1.0000         EPS         
oil2.Apr           .             1.0000         1.0000         EPS         
oil2.May           .             1.0000         1.0000         EPS         
oil2.June          .             1.0000         1.0000         EPS         
oil3.Jan           .             1.0000         1.0000         EPS         
oil3.Feb           .             1.0000         1.0000         EPS         
oil3.Mar           .             1.0000         1.0000         EPS         
oil3.Apr           .             1.0000         1.0000         EPS         
oil3.May           .             1.0000         1.0000         EPS         
oil3.June          .             1.0000         1.0000         EPS         


**** REPORT SUMMARY :        0     NONOPT
                             0 INFEASIBLE
                             0  UNBOUNDED
                             1  PROJECTED


EXECUTION TIME       =        0.003 SECONDS      2 MB  25.1.1 r66732 DEX-DEG


USER: Chintan Bhomia, Single User License            G180612/0001CN-GEN
      GAMS Development, Fairfax                                 DC14199


**** FILE SUMMARY

Input      /Users/cbhomia/Documents/GitHub/HPW/food2/food2MIPcyclic.gms
Output     /Users/cbhomia/Documents/GitHub/HPW/food2/food2MIPcyclic.lst
