GAMS 25.1.1  r66732 Released May 19, 2018 WEX-WEI x86 64bit/MS Windows - 07/24/18 12:09:21 Page 1
G e n e r a l   A l g e b r a i c   M o d e l i n g   S y s t e m
C o m p i l a t i o n


      This code is for the problem 12.3 from H P William book
       
   5   
   6  sets
   7      p 'ps'                  /p1*p7/
   8      process                 /grinding, vdrill,hdrill,boring,planing/
   9      mac 'machines'          /G1*G4 , VD1*VD2 , HD1*HD3, borer, planer/
  10      equipment(process,mac)  /grinding.(G1*G4) , vdrill.(VD1*VD2) ,hdrill.(HD1*HD3), boring.borer , planing.planer /
  11      month 'months'          /Jan, Feb, Mar, Apr, May, Jun/
  12      ;
  13   
  14  table processtime(process,p)  'time required for each process per unit product'
  15              p1       p2     p3      p4      p5      p6      p7
  16  grinding   0.5      0.7      0       0      0.3     0.2     0.5
  17  vdrill      0.1     0.2     0       0.3     0       0.6     0
  18  hdrill      0.2       0     0.8     0       0       0       0.6
  19  boring     0.05    0.03            0.07    0.1             0.08
  20  planing                    0.01            0.05            0.05
  21  ;
  22   
  23  table marketlim(p,month) 'marketing constraints of each product each month'
  24          Jan     Feb     Mar     Apr     May     Jun
  25  p1      500     600     300     200     0       500
  26  p2      1000    500     600     300     100     500
  27  p3      300     200     0       400     500     100
  28  p4      300     0       0       500     100     300
  29  p5      800     400     500     200     1000    1100
  30  p6      200     300     400     0       300     500
  31  p7      100     150     100     100     0       60
  32  ;
  33   
  34  table avail(mac,month) 'maintenance schedule. 0 = downtime'
  35         Jan  Feb Mar Apr May Jun
  36  G1      0   1   1   1   0   1
  37  G2      1   1   1   1   1   1
  38  G3      1   1   1   1   1   1
  39  G4      1   1   1   1   1   1
  40  VD1     1   1   1   0   0   1
  41  VD2     1   1   1   1   1   1
  42  HD1     1   0   1   1   1   0
  43  HD2     1   0   1   1   1   1
  44  HD3     1   1   1   1   1   1
  45  borer   1   1   0   1   1   1
  46  planer  1   1   1   1   1   0
  47  ;
  48   
  49  parameter profitcon(p) 'profit contribution of each PROD'
  50      /   p1   10
  51          p2   6
  52          p3   8
  53          p4   4
  54          p5   11
  55          p6   9
  56          p7   3/;
  57   
  58  parameter processexists(process,month),storecost;
  59  processexists(process,month) $ [sum(mac$equipment(process,mac), avail(mac,month))] =1  ;
  60  storecost = 0.5;
  61   
  62  variables
  63      produced(p,month) 'units of ech product produced'
  64      prodsold(p,month)
  65      maccount(process,month) 'number of machines active for a process in a month'
  66      storage(p,month) 'units stored at the end of each month'
  67      profit
  68      ;
  69   
  70   
  71  positive variable produced(p,month);
  72  prodsold.up(p,month) = marketlim(p,month);
  73   
  74  storage.up(p,month)  = 100;
  75  storage.lo(p,month)  = 0;
  76  storage.fx(p,'Jun') = 50;
  77   
  78  equations
  79   
  80      machrslimit(process,month) 'total limit on machine hours of a process of 24*8*2*N per month,N represents total no. of machines available '
  81      stock(p,month) 'storage balance'
  82      stockjan(p) 'storage balance for jan'
  83      macactive(process,month)  'calclating active machines for each process each month'
  84      objfunc
  85      ;
  86  macactive(process,month).. maccount(process,month) =e= sum(mac$equipment(process,mac),avail(mac,month)) ;
  87  machrslimit(process,month).. sum(p, produced(p,month)*processtime(process,p)) =l= 384*maccount(process,month);
  88  * total machine hours under the given process catagories. 28*8*2* (no. of machine avaiable for the process)
  89   
  90  stock(p,month)$[ord(month)>1].. storage(p,month) =e= storage(p,month-1) + produced(p,month) - prodsold(p,month);
  91  stockjan(p).. storage(p,'Jan') =e= produced(p,'Jan') - prodsold(p,'Jan');
  92   
  93  objfunc.. profit =e= sum((p,month),prodsold(p,month)*profitcon(p)) - sum((p,month), storage(p,month))*storecost;
  94   
  95   
  96  model eqchk /all/;
  97  option limrow =100;
  98   
  99  solve eqchk using LP maximizing profit;
 100   
 101  display storage.l, profit.l ;
 102  display produced.l, prodsold.l;


COMPILATION TIME     =        0.000 SECONDS      3 MB  25.1.1 r66732 WEX-WEI
GAMS 25.1.1  r66732 Released May 19, 2018 WEX-WEI x86 64bit/MS Windows - 07/24/18 12:09:21 Page 2
G e n e r a l   A l g e b r a i c   M o d e l i n g   S y s t e m
Equation Listing    SOLVE eqchk Using LP From line 99


---- machrslimit  =L=  total limit on machine hours of a process of 24*8*2*N per month,N represents total no. of machines available 

machrslimit(grinding,Jan)..  0.5*produced(p1,Jan) + 0.7*produced(p2,Jan) + 0.3*produced(p5,Jan) + 0.2*produced(p6,Jan) + 0.5*produced(p7,Jan) - 384*maccount(grinding,Jan) =L= 0 ; (LHS = 0)
     
machrslimit(grinding,Feb)..  0.5*produced(p1,Feb) + 0.7*produced(p2,Feb) + 0.3*produced(p5,Feb) + 0.2*produced(p6,Feb) + 0.5*produced(p7,Feb) - 384*maccount(grinding,Feb) =L= 0 ; (LHS = 0)
     
machrslimit(grinding,Mar)..  0.5*produced(p1,Mar) + 0.7*produced(p2,Mar) + 0.3*produced(p5,Mar) + 0.2*produced(p6,Mar) + 0.5*produced(p7,Mar) - 384*maccount(grinding,Mar) =L= 0 ; (LHS = 0)
     
machrslimit(grinding,Apr)..  0.5*produced(p1,Apr) + 0.7*produced(p2,Apr) + 0.3*produced(p5,Apr) + 0.2*produced(p6,Apr) + 0.5*produced(p7,Apr) - 384*maccount(grinding,Apr) =L= 0 ; (LHS = 0)
     
machrslimit(grinding,May)..  0.5*produced(p1,May) + 0.7*produced(p2,May) + 0.3*produced(p5,May) + 0.2*produced(p6,May) + 0.5*produced(p7,May) - 384*maccount(grinding,May) =L= 0 ; (LHS = 0)
     
machrslimit(grinding,Jun)..  0.5*produced(p1,Jun) + 0.7*produced(p2,Jun) + 0.3*produced(p5,Jun) + 0.2*produced(p6,Jun) + 0.5*produced(p7,Jun) - 384*maccount(grinding,Jun) =L= 0 ; (LHS = 0)
     
machrslimit(vdrill,Jan)..  0.1*produced(p1,Jan) + 0.2*produced(p2,Jan) + 0.3*produced(p4,Jan) + 0.6*produced(p6,Jan) - 384*maccount(vdrill,Jan) =L= 0 ; (LHS = 0)
     
machrslimit(vdrill,Feb)..  0.1*produced(p1,Feb) + 0.2*produced(p2,Feb) + 0.3*produced(p4,Feb) + 0.6*produced(p6,Feb) - 384*maccount(vdrill,Feb) =L= 0 ; (LHS = 0)
     
machrslimit(vdrill,Mar)..  0.1*produced(p1,Mar) + 0.2*produced(p2,Mar) + 0.3*produced(p4,Mar) + 0.6*produced(p6,Mar) - 384*maccount(vdrill,Mar) =L= 0 ; (LHS = 0)
     
machrslimit(vdrill,Apr)..  0.1*produced(p1,Apr) + 0.2*produced(p2,Apr) + 0.3*produced(p4,Apr) + 0.6*produced(p6,Apr) - 384*maccount(vdrill,Apr) =L= 0 ; (LHS = 0)
     
machrslimit(vdrill,May)..  0.1*produced(p1,May) + 0.2*produced(p2,May) + 0.3*produced(p4,May) + 0.6*produced(p6,May) - 384*maccount(vdrill,May) =L= 0 ; (LHS = 0)
     
machrslimit(vdrill,Jun)..  0.1*produced(p1,Jun) + 0.2*produced(p2,Jun) + 0.3*produced(p4,Jun) + 0.6*produced(p6,Jun) - 384*maccount(vdrill,Jun) =L= 0 ; (LHS = 0)
     
machrslimit(hdrill,Jan)..  0.2*produced(p1,Jan) + 0.8*produced(p3,Jan) + 0.6*produced(p7,Jan) - 384*maccount(hdrill,Jan) =L= 0 ; (LHS = 0)
     
machrslimit(hdrill,Feb)..  0.2*produced(p1,Feb) + 0.8*produced(p3,Feb) + 0.6*produced(p7,Feb) - 384*maccount(hdrill,Feb) =L= 0 ; (LHS = 0)
     
machrslimit(hdrill,Mar)..  0.2*produced(p1,Mar) + 0.8*produced(p3,Mar) + 0.6*produced(p7,Mar) - 384*maccount(hdrill,Mar) =L= 0 ; (LHS = 0)
     
machrslimit(hdrill,Apr)..  0.2*produced(p1,Apr) + 0.8*produced(p3,Apr) + 0.6*produced(p7,Apr) - 384*maccount(hdrill,Apr) =L= 0 ; (LHS = 0)
     
machrslimit(hdrill,May)..  0.2*produced(p1,May) + 0.8*produced(p3,May) + 0.6*produced(p7,May) - 384*maccount(hdrill,May) =L= 0 ; (LHS = 0)
     
machrslimit(hdrill,Jun)..  0.2*produced(p1,Jun) + 0.8*produced(p3,Jun) + 0.6*produced(p7,Jun) - 384*maccount(hdrill,Jun) =L= 0 ; (LHS = 0)
     
machrslimit(boring,Jan)..  0.05*produced(p1,Jan) + 0.03*produced(p2,Jan) + 0.07*produced(p4,Jan) + 0.1*produced(p5,Jan) + 0.08*produced(p7,Jan) - 384*maccount(boring,Jan) =L= 0 ; (LHS = 0)
     
machrslimit(boring,Feb)..  0.05*produced(p1,Feb) + 0.03*produced(p2,Feb) + 0.07*produced(p4,Feb) + 0.1*produced(p5,Feb) + 0.08*produced(p7,Feb) - 384*maccount(boring,Feb) =L= 0 ; (LHS = 0)
     
machrslimit(boring,Mar)..  0.05*produced(p1,Mar) + 0.03*produced(p2,Mar) + 0.07*produced(p4,Mar) + 0.1*produced(p5,Mar) + 0.08*produced(p7,Mar) - 384*maccount(boring,Mar) =L= 0 ; (LHS = 0)
     
machrslimit(boring,Apr)..  0.05*produced(p1,Apr) + 0.03*produced(p2,Apr) + 0.07*produced(p4,Apr) + 0.1*produced(p5,Apr) + 0.08*produced(p7,Apr) - 384*maccount(boring,Apr) =L= 0 ; (LHS = 0)
     
machrslimit(boring,May)..  0.05*produced(p1,May) + 0.03*produced(p2,May) + 0.07*produced(p4,May) + 0.1*produced(p5,May) + 0.08*produced(p7,May) - 384*maccount(boring,May) =L= 0 ; (LHS = 0)
     
machrslimit(boring,Jun)..  0.05*produced(p1,Jun) + 0.03*produced(p2,Jun) + 0.07*produced(p4,Jun) + 0.1*produced(p5,Jun) + 0.08*produced(p7,Jun) - 384*maccount(boring,Jun) =L= 0 ; (LHS = 0)
     
machrslimit(planing,Jan)..  0.01*produced(p3,Jan) + 0.05*produced(p5,Jan) + 0.05*produced(p7,Jan) - 384*maccount(planing,Jan) =L= 0 ; (LHS = 0)
     
machrslimit(planing,Feb)..  0.01*produced(p3,Feb) + 0.05*produced(p5,Feb) + 0.05*produced(p7,Feb) - 384*maccount(planing,Feb) =L= 0 ; (LHS = 0)
     
machrslimit(planing,Mar)..  0.01*produced(p3,Mar) + 0.05*produced(p5,Mar) + 0.05*produced(p7,Mar) - 384*maccount(planing,Mar) =L= 0 ; (LHS = 0)
     
machrslimit(planing,Apr)..  0.01*produced(p3,Apr) + 0.05*produced(p5,Apr) + 0.05*produced(p7,Apr) - 384*maccount(planing,Apr) =L= 0 ; (LHS = 0)
     
machrslimit(planing,May)..  0.01*produced(p3,May) + 0.05*produced(p5,May) + 0.05*produced(p7,May) - 384*maccount(planing,May) =L= 0 ; (LHS = 0)
     
machrslimit(planing,Jun)..  0.01*produced(p3,Jun) + 0.05*produced(p5,Jun) + 0.05*produced(p7,Jun) - 384*maccount(planing,Jun) =L= 0 ; (LHS = 0)
     

---- stock  =E=  storage balance

stock(p1,Feb)..  - produced(p1,Feb) + prodsold(p1,Feb) - storage(p1,Jan) + storage(p1,Feb) =E= 0 ; (LHS = 0)
     
stock(p1,Mar)..  - produced(p1,Mar) + prodsold(p1,Mar) - storage(p1,Feb) + storage(p1,Mar) =E= 0 ; (LHS = 0)
     
stock(p1,Apr)..  - produced(p1,Apr) + prodsold(p1,Apr) - storage(p1,Mar) + storage(p1,Apr) =E= 0 ; (LHS = 0)
     
stock(p1,May)..  - produced(p1,May) + prodsold(p1,May) - storage(p1,Apr) + storage(p1,May) =E= 0 ; (LHS = 0)
     
stock(p1,Jun)..  - produced(p1,Jun) + prodsold(p1,Jun) - storage(p1,May) + storage(p1,Jun) =E= 0 ; (LHS = 50, INFES = 50 ****)
     
stock(p2,Feb)..  - produced(p2,Feb) + prodsold(p2,Feb) - storage(p2,Jan) + storage(p2,Feb) =E= 0 ; (LHS = 0)
     
stock(p2,Mar)..  - produced(p2,Mar) + prodsold(p2,Mar) - storage(p2,Feb) + storage(p2,Mar) =E= 0 ; (LHS = 0)
     
stock(p2,Apr)..  - produced(p2,Apr) + prodsold(p2,Apr) - storage(p2,Mar) + storage(p2,Apr) =E= 0 ; (LHS = 0)
     
stock(p2,May)..  - produced(p2,May) + prodsold(p2,May) - storage(p2,Apr) + storage(p2,May) =E= 0 ; (LHS = 0)
     
stock(p2,Jun)..  - produced(p2,Jun) + prodsold(p2,Jun) - storage(p2,May) + storage(p2,Jun) =E= 0 ; (LHS = 50, INFES = 50 ****)
     
stock(p3,Feb)..  - produced(p3,Feb) + prodsold(p3,Feb) - storage(p3,Jan) + storage(p3,Feb) =E= 0 ; (LHS = 0)
     
stock(p3,Mar)..  - produced(p3,Mar) + prodsold(p3,Mar) - storage(p3,Feb) + storage(p3,Mar) =E= 0 ; (LHS = 0)
     
stock(p3,Apr)..  - produced(p3,Apr) + prodsold(p3,Apr) - storage(p3,Mar) + storage(p3,Apr) =E= 0 ; (LHS = 0)
     
stock(p3,May)..  - produced(p3,May) + prodsold(p3,May) - storage(p3,Apr) + storage(p3,May) =E= 0 ; (LHS = 0)
     
stock(p3,Jun)..  - produced(p3,Jun) + prodsold(p3,Jun) - storage(p3,May) + storage(p3,Jun) =E= 0 ; (LHS = 50, INFES = 50 ****)
     
stock(p4,Feb)..  - produced(p4,Feb) + prodsold(p4,Feb) - storage(p4,Jan) + storage(p4,Feb) =E= 0 ; (LHS = 0)
     
stock(p4,Mar)..  - produced(p4,Mar) + prodsold(p4,Mar) - storage(p4,Feb) + storage(p4,Mar) =E= 0 ; (LHS = 0)
     
stock(p4,Apr)..  - produced(p4,Apr) + prodsold(p4,Apr) - storage(p4,Mar) + storage(p4,Apr) =E= 0 ; (LHS = 0)
     
stock(p4,May)..  - produced(p4,May) + prodsold(p4,May) - storage(p4,Apr) + storage(p4,May) =E= 0 ; (LHS = 0)
     
stock(p4,Jun)..  - produced(p4,Jun) + prodsold(p4,Jun) - storage(p4,May) + storage(p4,Jun) =E= 0 ; (LHS = 50, INFES = 50 ****)
     
stock(p5,Feb)..  - produced(p5,Feb) + prodsold(p5,Feb) - storage(p5,Jan) + storage(p5,Feb) =E= 0 ; (LHS = 0)
     
stock(p5,Mar)..  - produced(p5,Mar) + prodsold(p5,Mar) - storage(p5,Feb) + storage(p5,Mar) =E= 0 ; (LHS = 0)
     
stock(p5,Apr)..  - produced(p5,Apr) + prodsold(p5,Apr) - storage(p5,Mar) + storage(p5,Apr) =E= 0 ; (LHS = 0)
     
stock(p5,May)..  - produced(p5,May) + prodsold(p5,May) - storage(p5,Apr) + storage(p5,May) =E= 0 ; (LHS = 0)
     
stock(p5,Jun)..  - produced(p5,Jun) + prodsold(p5,Jun) - storage(p5,May) + storage(p5,Jun) =E= 0 ; (LHS = 50, INFES = 50 ****)
     
stock(p6,Feb)..  - produced(p6,Feb) + prodsold(p6,Feb) - storage(p6,Jan) + storage(p6,Feb) =E= 0 ; (LHS = 0)
     
stock(p6,Mar)..  - produced(p6,Mar) + prodsold(p6,Mar) - storage(p6,Feb) + storage(p6,Mar) =E= 0 ; (LHS = 0)
     
stock(p6,Apr)..  - produced(p6,Apr) + prodsold(p6,Apr) - storage(p6,Mar) + storage(p6,Apr) =E= 0 ; (LHS = 0)
     
stock(p6,May)..  - produced(p6,May) + prodsold(p6,May) - storage(p6,Apr) + storage(p6,May) =E= 0 ; (LHS = 0)
     
stock(p6,Jun)..  - produced(p6,Jun) + prodsold(p6,Jun) - storage(p6,May) + storage(p6,Jun) =E= 0 ; (LHS = 50, INFES = 50 ****)
     
stock(p7,Feb)..  - produced(p7,Feb) + prodsold(p7,Feb) - storage(p7,Jan) + storage(p7,Feb) =E= 0 ; (LHS = 0)
     
stock(p7,Mar)..  - produced(p7,Mar) + prodsold(p7,Mar) - storage(p7,Feb) + storage(p7,Mar) =E= 0 ; (LHS = 0)
     
stock(p7,Apr)..  - produced(p7,Apr) + prodsold(p7,Apr) - storage(p7,Mar) + storage(p7,Apr) =E= 0 ; (LHS = 0)
     
stock(p7,May)..  - produced(p7,May) + prodsold(p7,May) - storage(p7,Apr) + storage(p7,May) =E= 0 ; (LHS = 0)
     
stock(p7,Jun)..  - produced(p7,Jun) + prodsold(p7,Jun) - storage(p7,May) + storage(p7,Jun) =E= 0 ; (LHS = 50, INFES = 50 ****)
     

---- stockjan  =E=  storage balance for jan

stockjan(p1)..  - produced(p1,Jan) + prodsold(p1,Jan) + storage(p1,Jan) =E= 0 ; (LHS = 0)
     
stockjan(p2)..  - produced(p2,Jan) + prodsold(p2,Jan) + storage(p2,Jan) =E= 0 ; (LHS = 0)
     
stockjan(p3)..  - produced(p3,Jan) + prodsold(p3,Jan) + storage(p3,Jan) =E= 0 ; (LHS = 0)
     
stockjan(p4)..  - produced(p4,Jan) + prodsold(p4,Jan) + storage(p4,Jan) =E= 0 ; (LHS = 0)
     
stockjan(p5)..  - produced(p5,Jan) + prodsold(p5,Jan) + storage(p5,Jan) =E= 0 ; (LHS = 0)
     
stockjan(p6)..  - produced(p6,Jan) + prodsold(p6,Jan) + storage(p6,Jan) =E= 0 ; (LHS = 0)
     
stockjan(p7)..  - produced(p7,Jan) + prodsold(p7,Jan) + storage(p7,Jan) =E= 0 ; (LHS = 0)
     

---- macactive  =E=  calclating active machines for each process each month

macactive(grinding,Jan)..  maccount(grinding,Jan) =E= 3 ; (LHS = 0, INFES = 3 ****)
     
macactive(grinding,Feb)..  maccount(grinding,Feb) =E= 4 ; (LHS = 0, INFES = 4 ****)
     
macactive(grinding,Mar)..  maccount(grinding,Mar) =E= 4 ; (LHS = 0, INFES = 4 ****)
     
macactive(grinding,Apr)..  maccount(grinding,Apr) =E= 4 ; (LHS = 0, INFES = 4 ****)
     
macactive(grinding,May)..  maccount(grinding,May) =E= 3 ; (LHS = 0, INFES = 3 ****)
     
macactive(grinding,Jun)..  maccount(grinding,Jun) =E= 4 ; (LHS = 0, INFES = 4 ****)
     
macactive(vdrill,Jan)..  maccount(vdrill,Jan) =E= 2 ; (LHS = 0, INFES = 2 ****)
     
macactive(vdrill,Feb)..  maccount(vdrill,Feb) =E= 2 ; (LHS = 0, INFES = 2 ****)
     
macactive(vdrill,Mar)..  maccount(vdrill,Mar) =E= 2 ; (LHS = 0, INFES = 2 ****)
     
macactive(vdrill,Apr)..  maccount(vdrill,Apr) =E= 1 ; (LHS = 0, INFES = 1 ****)
     
macactive(vdrill,May)..  maccount(vdrill,May) =E= 1 ; (LHS = 0, INFES = 1 ****)
     
macactive(vdrill,Jun)..  maccount(vdrill,Jun) =E= 2 ; (LHS = 0, INFES = 2 ****)
     
macactive(hdrill,Jan)..  maccount(hdrill,Jan) =E= 3 ; (LHS = 0, INFES = 3 ****)
     
macactive(hdrill,Feb)..  maccount(hdrill,Feb) =E= 1 ; (LHS = 0, INFES = 1 ****)
     
macactive(hdrill,Mar)..  maccount(hdrill,Mar) =E= 3 ; (LHS = 0, INFES = 3 ****)
     
macactive(hdrill,Apr)..  maccount(hdrill,Apr) =E= 3 ; (LHS = 0, INFES = 3 ****)
     
macactive(hdrill,May)..  maccount(hdrill,May) =E= 3 ; (LHS = 0, INFES = 3 ****)
     
macactive(hdrill,Jun)..  maccount(hdrill,Jun) =E= 2 ; (LHS = 0, INFES = 2 ****)
     
macactive(boring,Jan)..  maccount(boring,Jan) =E= 1 ; (LHS = 0, INFES = 1 ****)
     
macactive(boring,Feb)..  maccount(boring,Feb) =E= 1 ; (LHS = 0, INFES = 1 ****)
     
macactive(boring,Mar)..  maccount(boring,Mar) =E= 0 ; (LHS = 0)
     
macactive(boring,Apr)..  maccount(boring,Apr) =E= 1 ; (LHS = 0, INFES = 1 ****)
     
macactive(boring,May)..  maccount(boring,May) =E= 1 ; (LHS = 0, INFES = 1 ****)
     
macactive(boring,Jun)..  maccount(boring,Jun) =E= 1 ; (LHS = 0, INFES = 1 ****)
     
macactive(planing,Jan)..  maccount(planing,Jan) =E= 1 ; (LHS = 0, INFES = 1 ****)
     
macactive(planing,Feb)..  maccount(planing,Feb) =E= 1 ; (LHS = 0, INFES = 1 ****)
     
macactive(planing,Mar)..  maccount(planing,Mar) =E= 1 ; (LHS = 0, INFES = 1 ****)
     
macactive(planing,Apr)..  maccount(planing,Apr) =E= 1 ; (LHS = 0, INFES = 1 ****)
     
macactive(planing,May)..  maccount(planing,May) =E= 1 ; (LHS = 0, INFES = 1 ****)
     
macactive(planing,Jun)..  maccount(planing,Jun) =E= 0 ; (LHS = 0)
     

---- objfunc  =E=  

objfunc..  - 10*prodsold(p1,Jan) - 10*prodsold(p1,Feb) - 10*prodsold(p1,Mar) - 10*prodsold(p1,Apr) - 10*prodsold(p1,May) - 10*prodsold(p1,Jun) - 6*prodsold(p2,Jan) - 6*prodsold(p2,Feb) - 6*prodsold(p2,Mar) - 6*prodsold(p2,Apr) - 6*prodsold(p2,May)
     
      - 6*prodsold(p2,Jun) - 8*prodsold(p3,Jan) - 8*prodsold(p3,Feb) - 8*prodsold(p3,Mar) - 8*prodsold(p3,Apr) - 8*prodsold(p3,May) - 8*prodsold(p3,Jun) - 4*prodsold(p4,Jan) - 4*prodsold(p4,Feb) - 4*prodsold(p4,Mar) - 4*prodsold(p4,Apr)
     
      - 4*prodsold(p4,May) - 4*prodsold(p4,Jun) - 11*prodsold(p5,Jan) - 11*prodsold(p5,Feb) - 11*prodsold(p5,Mar) - 11*prodsold(p5,Apr) - 11*prodsold(p5,May) - 11*prodsold(p5,Jun) - 9*prodsold(p6,Jan) - 9*prodsold(p6,Feb) - 9*prodsold(p6,Mar)
     
      - 9*prodsold(p6,Apr) - 9*prodsold(p6,May) - 9*prodsold(p6,Jun) - 3*prodsold(p7,Jan) - 3*prodsold(p7,Feb) - 3*prodsold(p7,Mar) - 3*prodsold(p7,Apr) - 3*prodsold(p7,May) - 3*prodsold(p7,Jun) + 0.5*storage(p1,Jan) + 0.5*storage(p1,Feb)
     
      + 0.5*storage(p1,Mar) + 0.5*storage(p1,Apr) + 0.5*storage(p1,May) + 0.5*storage(p1,Jun) + 0.5*storage(p2,Jan) + 0.5*storage(p2,Feb) + 0.5*storage(p2,Mar) + 0.5*storage(p2,Apr) + 0.5*storage(p2,May) + 0.5*storage(p2,Jun) + 0.5*storage(p3,Jan)
     
      + 0.5*storage(p3,Feb) + 0.5*storage(p3,Mar) + 0.5*storage(p3,Apr) + 0.5*storage(p3,May) + 0.5*storage(p3,Jun) + 0.5*storage(p4,Jan) + 0.5*storage(p4,Feb) + 0.5*storage(p4,Mar) + 0.5*storage(p4,Apr) + 0.5*storage(p4,May) + 0.5*storage(p4,Jun)
     
      + 0.5*storage(p5,Jan) + 0.5*storage(p5,Feb) + 0.5*storage(p5,Mar) + 0.5*storage(p5,Apr) + 0.5*storage(p5,May) + 0.5*storage(p5,Jun) + 0.5*storage(p6,Jan) + 0.5*storage(p6,Feb) + 0.5*storage(p6,Mar) + 0.5*storage(p6,Apr) + 0.5*storage(p6,May)
     
      + 0.5*storage(p6,Jun) + 0.5*storage(p7,Jan) + 0.5*storage(p7,Feb) + 0.5*storage(p7,Mar) + 0.5*storage(p7,Apr) + 0.5*storage(p7,May) + 0.5*storage(p7,Jun) + profit =E= 0 ; (LHS = 175, INFES = 175 ****)
     
GAMS 25.1.1  r66732 Released May 19, 2018 WEX-WEI x86 64bit/MS Windows - 07/24/18 12:09:21 Page 3
G e n e r a l   A l g e b r a i c   M o d e l i n g   S y s t e m
Column Listing      SOLVE eqchk Using LP From line 99


---- produced  units of ech product produced

produced(p1,Jan)
                (.LO, .L, .UP, .M = 0, 0, +INF, 0)
        0.5     machrslimit(grinding,Jan)
        0.1     machrslimit(vdrill,Jan)
        0.2     machrslimit(hdrill,Jan)
        0.05    machrslimit(boring,Jan)
       -1       stockjan(p1)

produced(p1,Feb)
                (.LO, .L, .UP, .M = 0, 0, +INF, 0)
        0.5     machrslimit(grinding,Feb)
        0.1     machrslimit(vdrill,Feb)
        0.2     machrslimit(hdrill,Feb)
        0.05    machrslimit(boring,Feb)
       -1       stock(p1,Feb)

produced(p1,Mar)
                (.LO, .L, .UP, .M = 0, 0, +INF, 0)
        0.5     machrslimit(grinding,Mar)
        0.1     machrslimit(vdrill,Mar)
        0.2     machrslimit(hdrill,Mar)
        0.05    machrslimit(boring,Mar)
       -1       stock(p1,Mar)

REMAINING 39 ENTRIES SKIPPED

---- prodsold  

prodsold(p1,Jan)
                (.LO, .L, .UP, .M = -INF, 0, 500, 0)
        1       stockjan(p1)
      -10       objfunc

prodsold(p1,Feb)
                (.LO, .L, .UP, .M = -INF, 0, 600, 0)
        1       stock(p1,Feb)
      -10       objfunc

prodsold(p1,Mar)
                (.LO, .L, .UP, .M = -INF, 0, 300, 0)
        1       stock(p1,Mar)
      -10       objfunc

REMAINING 39 ENTRIES SKIPPED

---- maccount  number of machines active for a process in a month

maccount(grinding,Jan)
                (.LO, .L, .UP, .M = -INF, 0, +INF, 0)
     -384       machrslimit(grinding,Jan)
        1       macactive(grinding,Jan)

maccount(grinding,Feb)
                (.LO, .L, .UP, .M = -INF, 0, +INF, 0)
     -384       machrslimit(grinding,Feb)
        1       macactive(grinding,Feb)

maccount(grinding,Mar)
                (.LO, .L, .UP, .M = -INF, 0, +INF, 0)
     -384       machrslimit(grinding,Mar)
        1       macactive(grinding,Mar)

REMAINING 27 ENTRIES SKIPPED

---- storage  units stored at the end of each month

storage(p1,Jan)
                (.LO, .L, .UP, .M = 0, 0, 100, 0)
       -1       stock(p1,Feb)
        1       stockjan(p1)
        0.5     objfunc

storage(p1,Feb)
                (.LO, .L, .UP, .M = 0, 0, 100, 0)
        1       stock(p1,Feb)
       -1       stock(p1,Mar)
        0.5     objfunc

storage(p1,Mar)
                (.LO, .L, .UP, .M = 0, 0, 100, 0)
        1       stock(p1,Mar)
       -1       stock(p1,Apr)
        0.5     objfunc

REMAINING 39 ENTRIES SKIPPED

---- profit  

profit
                (.LO, .L, .UP, .M = -INF, 0, +INF, 0)
        1       objfunc

GAMS 25.1.1  r66732 Released May 19, 2018 WEX-WEI x86 64bit/MS Windows - 07/24/18 12:09:21 Page 4
G e n e r a l   A l g e b r a i c   M o d e l i n g   S y s t e m
Model Statistics    SOLVE eqchk Using LP From line 99


MODEL STATISTICS

BLOCKS OF EQUATIONS           5     SINGLE EQUATIONS          103
BLOCKS OF VARIABLES           5     SINGLE VARIABLES          157
NON ZERO ELEMENTS           426


GENERATION TIME      =        0.031 SECONDS      4 MB  25.1.1 r66732 WEX-WEI


EXECUTION TIME       =        0.031 SECONDS      4 MB  25.1.1 r66732 WEX-WEI
GAMS 25.1.1  r66732 Released May 19, 2018 WEX-WEI x86 64bit/MS Windows - 07/24/18 12:09:21 Page 5
G e n e r a l   A l g e b r a i c   M o d e l i n g   S y s t e m
Solution Report     SOLVE eqchk Using LP From line 99


               S O L V E      S U M M A R Y

     MODEL   eqchk               OBJECTIVE  profit
     TYPE    LP                  DIRECTION  MAXIMIZE
     SOLVER  CPLEX               FROM LINE  99

**** SOLVER STATUS     1 Normal Completion         
**** MODEL STATUS      1 Optimal                   
**** OBJECTIVE VALUE            93715.1786

 RESOURCE USAGE, LIMIT          0.015      1000.000
 ITERATION COUNT, LIMIT         3    2000000000

IBM ILOG CPLEX   25.1.1 r66732 Released May 19, 2018 WEI x86 64bit/MS Windows 
Cplex 12.8.0.0

Space for names approximately 0.01 Mb
Use option 'names no' to turn use of names off
LP status(1): optimal
Cplex Time: 0.00sec (det. 0.13 ticks)
Optimal solution found.
Objective :       93715.178571


---- EQU machrslimit  total limit on machine hours of a process of 24*8*2*N per month,N represents total no. of machines available 

                    LOWER          LEVEL          UPPER         MARGINAL

grinding.Jan        -INF             .              .             8.5714      
grinding.Feb        -INF         -431.0000          .              .          
grinding.Mar        -INF        -1456.0000          .              .          
grinding.Apr        -INF        -1116.0000          .              .          
grinding.May        -INF         -642.0000          .              .          
grinding.Jun        -INF         -766.0000          .              .          
vdrill  .Jan        -INF         -330.2857          .              .          
vdrill  .Feb        -INF         -398.0000          .              .          
vdrill  .Mar        -INF         -528.0000          .              .          
vdrill  .Apr        -INF         -154.0000          .              .          
vdrill  .May        -INF         -154.0000          .              .          
vdrill  .Jun        -INF         -168.0000          .              .          
hdrill  .Jan        -INF         -746.0000          .              .          
hdrill  .Feb        -INF             .              .             0.6250      
hdrill  .Mar        -INF        -1152.0000          .              .          
hdrill  .Apr        -INF         -732.0000          .              .          
hdrill  .May        -INF         -612.0000          .              .          
hdrill  .Jun        -INF         -658.0000          .              .          
boring  .Jan        -INF         -231.3429          .              .          
boring  .Feb        -INF         -261.0000          .              .          
boring  .Mar        -INF             .              .           200.0000      
boring  .Apr        -INF         -302.0000          .              .          
boring  .May        -INF         -256.0000          .              .          
boring  .Jun        -INF         -315.5000          .              .          
planing .Jan        -INF         -340.1750          .              .          
planing .Feb        -INF         -345.3250          .              .          
planing .Mar        -INF         -384.0000          .              .          
planing .Apr        -INF         -365.0000          .              .          
planing .May        -INF         -318.0000          .              .          
planing .Jun        -INF             .              .           800.0000      

---- EQU stock  storage balance

              LOWER          LEVEL          UPPER         MARGINAL

p1.Feb          .              .              .             0.1250      
p1.Mar          .              .              .            10.0000      
p1.Apr          .              .              .             EPS         
p1.May          .              .              .            -0.5000      
p1.Jun          .              .              .             EPS         
p2.Feb          .              .              .             EPS         
p2.Mar          .              .              .             6.0000      
p2.Apr          .              .              .             EPS         
p2.May          .              .              .             EPS         
p2.Jun          .              .              .             EPS         
p3.Feb          .              .              .             0.5000      
p3.Mar          .              .              .            -0.5000      
p3.Apr          .              .              .             EPS         
p3.May          .              .              .             EPS         
p3.Jun          .              .              .             8.0000      
p4.Feb          .              .              .             EPS         
p4.Mar          .              .              .            -0.5000      
p4.Apr          .              .              .             EPS         
p4.May          .              .              .             EPS         
p4.Jun          .              .              .             EPS         
p5.Feb          .              .              .             EPS         
p5.Mar          .              .              .            11.0000      
p5.Apr          .              .              .             EPS         
p5.May          .              .              .             EPS         
p5.Jun          .              .              .            11.0000      
p6.Feb          .              .              .             EPS         
p6.Mar          .              .              .             EPS         
p6.Apr          .              .              .             EPS         
p6.May          .              .              .             EPS         
p6.Jun          .              .              .             EPS         
p7.Feb          .              .              .             0.3750      
p7.Mar          .              .              .             3.0000      
p7.Apr          .              .              .             EPS         
p7.May          .              .              .             EPS         
p7.Jun          .              .              .             3.0000      

---- EQU stockjan  storage balance for jan

          LOWER          LEVEL          UPPER         MARGINAL

p1          .              .              .             4.2857      
p2          .              .              .             6.0000      
p3          .              .              .             EPS         
p4          .              .              .             EPS         
p5          .              .              .             2.5714      
p6          .              .              .             1.7143      
p7          .              .              .             3.0000      

---- EQU macactive  calclating active machines for each process each month

                    LOWER          LEVEL          UPPER         MARGINAL

grinding.Jan         3.0000         3.0000         3.0000      3291.4286      
grinding.Feb         4.0000         4.0000         4.0000         EPS         
grinding.Mar         4.0000         4.0000         4.0000         EPS         
grinding.Apr         4.0000         4.0000         4.0000         EPS         
grinding.May         3.0000         3.0000         3.0000         EPS         
grinding.Jun         4.0000         4.0000         4.0000         EPS         
vdrill  .Jan         2.0000         2.0000         2.0000         EPS         
vdrill  .Feb         2.0000         2.0000         2.0000         EPS         
vdrill  .Mar         2.0000         2.0000         2.0000         EPS         
vdrill  .Apr         1.0000         1.0000         1.0000         EPS         
vdrill  .May         1.0000         1.0000         1.0000         EPS         
vdrill  .Jun         2.0000         2.0000         2.0000         EPS         
hdrill  .Jan         3.0000         3.0000         3.0000         EPS         
hdrill  .Feb         1.0000         1.0000         1.0000       240.0000      
hdrill  .Mar         3.0000         3.0000         3.0000         EPS         
hdrill  .Apr         3.0000         3.0000         3.0000         EPS         
hdrill  .May         3.0000         3.0000         3.0000         EPS         
hdrill  .Jun         2.0000         2.0000         2.0000         EPS         
boring  .Jan         1.0000         1.0000         1.0000         EPS         
boring  .Feb         1.0000         1.0000         1.0000         EPS         
boring  .Mar          .              .              .         76800.0000      
boring  .Apr         1.0000         1.0000         1.0000         EPS         
boring  .May         1.0000         1.0000         1.0000         EPS         
boring  .Jun         1.0000         1.0000         1.0000         EPS         
planing .Jan         1.0000         1.0000         1.0000         EPS         
planing .Feb         1.0000         1.0000         1.0000         EPS         
planing .Mar         1.0000         1.0000         1.0000         EPS         
planing .Apr         1.0000         1.0000         1.0000         EPS         
planing .May         1.0000         1.0000         1.0000         EPS         
planing .Jun          .              .              .        307200.0000      

                           LOWER          LEVEL          UPPER         MARGINAL

---- EQU objfunc             .              .              .             1.0000      

---- VAR produced  units of ech product produced

              LOWER          LEVEL          UPPER         MARGINAL

p1.Jan          .           500.0000        +INF             .          
p1.Feb          .           700.0000        +INF             .          
p1.Mar          .              .            +INF             .          
p1.Apr          .           200.0000        +INF             .          
p1.May          .              .            +INF           -0.5000      
p1.Jun          .           550.0000        +INF             .          
p2.Jan          .           888.5714        +INF             .          
p2.Feb          .           600.0000        +INF             .          
p2.Mar          .              .            +INF            EPS         
p2.Apr          .           300.0000        +INF             .          
p2.May          .           100.0000        +INF             .          
p2.Jun          .           550.0000        +INF             .          
p3.Jan          .           382.5000        +INF             .          
p3.Feb          .           117.5000        +INF             .          
p3.Mar          .              .            +INF           -0.5000      
p3.Apr          .           400.0000        +INF             .          
p3.May          .           600.0000        +INF             .          
p3.Jun          .              .            +INF             .          
p4.Jan          .           300.0000        +INF             .          
p4.Feb          .              .            +INF             .          
p4.Mar          .              .            +INF          -14.5000      
p4.Apr          .           500.0000        +INF             .          
p4.May          .           100.0000        +INF             .          
p4.Jun          .           350.0000        +INF             .          
p5.Jan          .           800.0000        +INF             .          
p5.Feb          .           500.0000        +INF             .          
p5.Mar          .              .            +INF           -9.0000      
p5.Apr          .           200.0000        +INF             .          
p5.May          .          1100.0000        +INF             .          
p5.Jun          .              .            +INF          -29.0000      
p6.Jan          .           200.0000        +INF             .          
p6.Feb          .           300.0000        +INF             .          
p6.Mar          .           400.0000        +INF             .          
p6.Apr          .              .            +INF             .          
p6.May          .           300.0000        +INF             .          
p6.Jun          .           550.0000        +INF             .          
p7.Jan          .              .            +INF           -1.2857      
p7.Feb          .           250.0000        +INF             .          
p7.Mar          .              .            +INF          -13.0000      
p7.Apr          .           100.0000        +INF             .          
p7.May          .           100.0000        +INF             .          
p7.Jun          .              .            +INF          -37.0000      

---- VAR prodsold  

              LOWER          LEVEL          UPPER         MARGINAL

p1.Jan        -INF          500.0000       500.0000         5.7143      
p1.Feb        -INF          600.0000       600.0000         9.8750      
p1.Mar        -INF          100.0000       300.0000          .          
p1.Apr        -INF          200.0000       200.0000        10.0000      
p1.May        -INF             .              .            10.5000      
p1.Jun        -INF          500.0000       500.0000        10.0000      
p2.Jan        -INF          888.5714      1000.0000          .          
p2.Feb        -INF          500.0000       500.0000         6.0000      
p2.Mar        -INF          100.0000       600.0000          .          
p2.Apr        -INF          300.0000       300.0000         6.0000      
p2.May        -INF          100.0000       100.0000         6.0000      
p2.Jun        -INF          500.0000       500.0000         6.0000      
p3.Jan        -INF          300.0000       300.0000         8.0000      
p3.Feb        -INF          200.0000       200.0000         7.5000      
p3.Mar        -INF             .              .             8.5000      
p3.Apr        -INF          400.0000       400.0000         8.0000      
p3.May        -INF          500.0000       500.0000         8.0000      
p3.Jun        -INF           50.0000       100.0000          .          
p4.Jan        -INF          300.0000       300.0000         4.0000      
p4.Feb        -INF             .              .             4.0000      
p4.Mar        -INF             .              .             4.5000      
p4.Apr        -INF          500.0000       500.0000         4.0000      
p4.May        -INF          100.0000       100.0000         4.0000      
p4.Jun        -INF          300.0000       300.0000         4.0000      
p5.Jan        -INF          800.0000       800.0000         8.4286      
p5.Feb        -INF          400.0000       400.0000        11.0000      
p5.Mar        -INF          100.0000       500.0000          .          
p5.Apr        -INF          200.0000       200.0000        11.0000      
p5.May        -INF         1000.0000      1000.0000        11.0000      
p5.Jun        -INF           50.0000      1100.0000          .          
p6.Jan        -INF          200.0000       200.0000         7.2857      
p6.Feb        -INF          300.0000       300.0000         9.0000      
p6.Mar        -INF          400.0000       400.0000         9.0000      
p6.Apr        -INF             .              .             9.0000      
p6.May        -INF          300.0000       300.0000         9.0000      
p6.Jun        -INF          500.0000       500.0000         9.0000      
p7.Jan        -INF             .           100.0000          .          
p7.Feb        -INF          150.0000       150.0000         2.6250      
p7.Mar        -INF          100.0000       100.0000          .          
p7.Apr        -INF          100.0000       100.0000         3.0000      
p7.May        -INF             .              .             3.0000      
p7.Jun        -INF           50.0000        60.0000          .          

---- VAR maccount  number of machines active for a process in a month

                    LOWER          LEVEL          UPPER         MARGINAL

grinding.Jan        -INF            3.0000        +INF             .          
grinding.Feb        -INF            4.0000        +INF             .          
grinding.Mar        -INF            4.0000        +INF             .          
grinding.Apr        -INF            4.0000        +INF             .          
grinding.May        -INF            3.0000        +INF             .          
grinding.Jun        -INF            4.0000        +INF             .          
vdrill  .Jan        -INF            2.0000        +INF             .          
vdrill  .Feb        -INF            2.0000        +INF             .          
vdrill  .Mar        -INF            2.0000        +INF             .          
vdrill  .Apr        -INF            1.0000        +INF             .          
vdrill  .May        -INF            1.0000        +INF             .          
vdrill  .Jun        -INF            2.0000        +INF             .          
hdrill  .Jan        -INF            3.0000        +INF             .          
hdrill  .Feb        -INF            1.0000        +INF             .          
hdrill  .Mar        -INF            3.0000        +INF             .          
hdrill  .Apr        -INF            3.0000        +INF             .          
hdrill  .May        -INF            3.0000        +INF             .          
hdrill  .Jun        -INF            2.0000        +INF             .          
boring  .Jan        -INF            1.0000        +INF             .          
boring  .Feb        -INF            1.0000        +INF             .          
boring  .Mar        -INF             .            +INF             .          
boring  .Apr        -INF            1.0000        +INF             .          
boring  .May        -INF            1.0000        +INF             .          
boring  .Jun        -INF            1.0000        +INF             .          
planing .Jan        -INF            1.0000        +INF             .          
planing .Feb        -INF            1.0000        +INF             .          
planing .Mar        -INF            1.0000        +INF             .          
planing .Apr        -INF            1.0000        +INF             .          
planing .May        -INF            1.0000        +INF             .          
planing .Jun        -INF             .            +INF             .          

---- VAR storage  units stored at the end of each month

              LOWER          LEVEL          UPPER         MARGINAL

p1.Jan          .              .           100.0000        -4.6607      
p1.Feb          .           100.0000       100.0000         9.3750      
p1.Mar          .              .           100.0000       -10.5000      
p1.Apr          .              .           100.0000        -1.0000      
p1.May          .              .           100.0000          .          
p1.Jun        50.0000        50.0000        50.0000        -0.5000      
p2.Jan          .              .           100.0000        -6.5000      
p2.Feb          .           100.0000       100.0000         5.5000      
p2.Mar          .              .           100.0000        -6.5000      
p2.Apr          .              .           100.0000        -0.5000      
p2.May          .              .           100.0000        -0.5000      
p2.Jun        50.0000        50.0000        50.0000        -0.5000      
p3.Jan          .            82.5000       100.0000          .          
p3.Feb          .              .           100.0000        -1.5000      
p3.Mar          .              .           100.0000          .          
p3.Apr          .              .           100.0000        -0.5000      
p3.May          .           100.0000       100.0000         7.5000      
p3.Jun        50.0000        50.0000        50.0000        -8.5000      
p4.Jan          .              .           100.0000        -0.5000      
p4.Feb          .              .           100.0000        -1.0000      
p4.Mar          .              .           100.0000          .          
p4.Apr          .              .           100.0000        -0.5000      
p4.May          .              .           100.0000        -0.5000      
p4.Jun        50.0000        50.0000        50.0000        -0.5000      
p5.Jan          .              .           100.0000        -3.0714      
p5.Feb          .           100.0000       100.0000        10.5000      
p5.Mar          .              .           100.0000       -11.5000      
p5.Apr          .              .           100.0000        -0.5000      
p5.May          .           100.0000       100.0000        10.5000      
p5.Jun        50.0000        50.0000        50.0000       -11.5000      
p6.Jan          .              .           100.0000        -2.2143      
p6.Feb          .              .           100.0000        -0.5000      
p6.Mar          .              .           100.0000        -0.5000      
p6.Apr          .              .           100.0000        -0.5000      
p6.May          .              .           100.0000        -0.5000      
p6.Jun        50.0000        50.0000        50.0000        -0.5000      
p7.Jan          .              .           100.0000        -3.1250      
p7.Feb          .           100.0000       100.0000         2.1250      
p7.Mar          .              .           100.0000        -3.5000      
p7.Apr          .              .           100.0000        -0.5000      
p7.May          .           100.0000       100.0000         2.5000      
p7.Jun        50.0000        50.0000        50.0000        -3.5000      

                           LOWER          LEVEL          UPPER         MARGINAL

---- VAR profit            -INF        93715.1786        +INF             .          


**** REPORT SUMMARY :        0     NONOPT
                             0 INFEASIBLE
                             0  UNBOUNDED
GAMS 25.1.1  r66732 Released May 19, 2018 WEX-WEI x86 64bit/MS Windows - 07/24/18 12:09:21 Page 6
G e n e r a l   A l g e b r a i c   M o d e l i n g   S y s t e m
E x e c u t i o n


----    101 VARIABLE storage.L  units stored at the end of each month

           Jan         Feb         May         Jun

p1                 100.000                  50.000
p2                 100.000                  50.000
p3      82.500                 100.000      50.000
p4                                          50.000
p5                 100.000     100.000      50.000
p6                                          50.000
p7                 100.000     100.000      50.000


----    101 VARIABLE profit.L              =    93715.179  

----    102 VARIABLE produced.L  units of ech product produced

           Jan         Feb         Mar         Apr         May         Jun

p1     500.000     700.000                 200.000                 550.000
p2     888.571     600.000                 300.000     100.000     550.000
p3     382.500     117.500                 400.000     600.000
p4     300.000                             500.000     100.000     350.000
p5     800.000     500.000                 200.000    1100.000
p6     200.000     300.000     400.000                 300.000     550.000
p7                 250.000                 100.000     100.000


----    102 VARIABLE prodsold.L  

           Jan         Feb         Mar         Apr         May         Jun

p1     500.000     600.000     100.000     200.000                 500.000
p2     888.571     500.000     100.000     300.000     100.000     500.000
p3     300.000     200.000                 400.000     500.000      50.000
p4     300.000                             500.000     100.000     300.000
p5     800.000     400.000     100.000     200.000    1000.000      50.000
p6     200.000     300.000     400.000                 300.000     500.000
p7                 150.000     100.000     100.000                  50.000



EXECUTION TIME       =        0.000 SECONDS      3 MB  25.1.1 r66732 WEX-WEI


USER: Chintan Bhomia, Single User License            G180612/0001CN-GEN
      GAMS Development, Fairfax                                 DC14199


**** FILE SUMMARY

Input      C:\Users\cnbho\Documents\GitHub\HPW\factoryplan1\factoryplan1LP.gms
Output     C:\Users\cnbho\Documents\GitHub\HPW\factoryplan1\factoryplan1LP.lst
